ARM GAS  C:\Users\jonat\AppData\Local\Temp\ccKzNy7n.s 			page 1


   1              		.cpu cortex-m0
   2              		.arch armv6s-m
   3              		.fpu softvfp
   4              		.eabi_attribute 20, 1
   5              		.eabi_attribute 21, 1
   6              		.eabi_attribute 23, 3
   7              		.eabi_attribute 24, 1
   8              		.eabi_attribute 25, 1
   9              		.eabi_attribute 26, 1
  10              		.eabi_attribute 30, 1
  11              		.eabi_attribute 34, 0
  12              		.eabi_attribute 18, 4
  13              		.file	"main.c"
  14              		.text
  15              	.Ltext0:
  16              		.cfi_sections	.debug_frame
  17              		.file 1 "Core/Src/main.c"
  18              		.section	.text.MX_GPIO_Init,"ax",%progbits
  19              		.align	1
  20              		.syntax unified
  21              		.code	16
  22              		.thumb_func
  24              	MX_GPIO_Init:
  25              	.LFB42:
   1:Core/Src/main.c **** // JONATHANS BRANCH - F0
   2:Core/Src/main.c **** /* USER CODE BEGIN Header */
   3:Core/Src/main.c **** /**
   4:Core/Src/main.c ****   ******************************************************************************
   5:Core/Src/main.c ****   * @file           : main.c
   6:Core/Src/main.c ****   * @brief          : Main program body
   7:Core/Src/main.c ****   ******************************************************************************
   8:Core/Src/main.c ****   * @attention
   9:Core/Src/main.c ****   *
  10:Core/Src/main.c ****   * Copyright (c) 2025 STMicroelectronics.
  11:Core/Src/main.c ****   * All rights reserved.
  12:Core/Src/main.c ****   *
  13:Core/Src/main.c ****   * This software is licensed under terms that can be found in the LICENSE file
  14:Core/Src/main.c ****   * in the root directory of this software component.
  15:Core/Src/main.c ****   * If no LICENSE file comes with this software, it is provided AS-IS.
  16:Core/Src/main.c ****   *
  17:Core/Src/main.c ****   ******************************************************************************
  18:Core/Src/main.c ****   */
  19:Core/Src/main.c **** /* USER CODE END Header */
  20:Core/Src/main.c **** /* Includes ------------------------------------------------------------------*/
  21:Core/Src/main.c **** #include "main.h"
  22:Core/Src/main.c **** #define MAX_ITER 100
  23:Core/Src/main.c **** //#define MAX_ITER 200
  24:Core/Src/main.c **** //#define MAX_ITER 400
  25:Core/Src/main.c **** //#define MAX_ITER 600
  26:Core/Src/main.c **** //#define MAX_ITER 1000
  27:Core/Src/main.c **** 
  28:Core/Src/main.c **** 
  29:Core/Src/main.c **** 
  30:Core/Src/main.c **** /* Private includes ----------------------------------------------------------*/
  31:Core/Src/main.c **** /* USER CODE BEGIN Includes */
  32:Core/Src/main.c **** 
  33:Core/Src/main.c **** /* USER CODE END Includes */
ARM GAS  C:\Users\jonat\AppData\Local\Temp\ccKzNy7n.s 			page 2


  34:Core/Src/main.c **** 
  35:Core/Src/main.c **** /* Private typedef -----------------------------------------------------------*/
  36:Core/Src/main.c **** /* USER CODE BEGIN PTD */
  37:Core/Src/main.c **** 
  38:Core/Src/main.c **** /* USER CODE END PTD */
  39:Core/Src/main.c **** 
  40:Core/Src/main.c **** /* Private define ------------------------------------------------------------*/
  41:Core/Src/main.c **** /* USER CODE BEGIN PD */
  42:Core/Src/main.c **** 
  43:Core/Src/main.c **** /* USER CODE END PD */
  44:Core/Src/main.c **** 
  45:Core/Src/main.c **** /* Private macro -------------------------------------------------------------*/
  46:Core/Src/main.c **** /* USER CODE BEGIN PM */
  47:Core/Src/main.c **** 
  48:Core/Src/main.c **** /* USER CODE END PM */
  49:Core/Src/main.c **** 
  50:Core/Src/main.c **** /* Private variables ---------------------------------------------------------*/
  51:Core/Src/main.c **** 
  52:Core/Src/main.c **** /* USER CODE BEGIN PV */
  53:Core/Src/main.c **** //TODO: Define variables you think you might need
  54:Core/Src/main.c **** int start_time = 0;
  55:Core/Src/main.c **** int end_time = 0;
  56:Core/Src/main.c **** int execution_time = 0;
  57:Core/Src/main.c **** uint64_t checksum = 0;
  58:Core/Src/main.c **** int imageSize[5] = { 128, 160, 192, 224, 256 };
  59:Core/Src/main.c **** 
  60:Core/Src/main.c **** /* USER CODE END PV */
  61:Core/Src/main.c **** 
  62:Core/Src/main.c **** /* Private function prototypes -----------------------------------------------*/
  63:Core/Src/main.c **** void SystemClock_Config(void);
  64:Core/Src/main.c **** static void MX_GPIO_Init(void);
  65:Core/Src/main.c **** /* USER CODE BEGIN PFP */
  66:Core/Src/main.c **** //TODO: Define any function prototypes you might need such as the calculate Mandelbrot function amo
  67:Core/Src/main.c **** uint64_t calculate_mandelbrot_fixed_point_arithmetic(int width, int height, int max_iterations);
  68:Core/Src/main.c **** uint64_t calculate_mandelbrot_double(double width, double height, double max_iterations);
  69:Core/Src/main.c **** 
  70:Core/Src/main.c **** /* USER CODE END PFP */
  71:Core/Src/main.c **** 
  72:Core/Src/main.c **** /* Private user code ---------------------------------------------------------*/
  73:Core/Src/main.c **** /* USER CODE BEGIN 0 */
  74:Core/Src/main.c **** 
  75:Core/Src/main.c **** /* USER CODE END 0 */
  76:Core/Src/main.c **** 
  77:Core/Src/main.c **** /**
  78:Core/Src/main.c ****   * @brief  The application entry point.
  79:Core/Src/main.c ****   * @retval int
  80:Core/Src/main.c ****   */
  81:Core/Src/main.c **** int main(void)
  82:Core/Src/main.c **** {
  83:Core/Src/main.c **** 
  84:Core/Src/main.c ****   /* USER CODE BEGIN 1 */
  85:Core/Src/main.c **** 
  86:Core/Src/main.c ****   /* USER CODE END 1 */
  87:Core/Src/main.c **** 
  88:Core/Src/main.c ****   /* MCU Configuration--------------------------------------------------------*/
  89:Core/Src/main.c **** 
  90:Core/Src/main.c ****   /* Reset of all peripherals, Initializes the Flash interface and the Systick. */
ARM GAS  C:\Users\jonat\AppData\Local\Temp\ccKzNy7n.s 			page 3


  91:Core/Src/main.c ****   HAL_Init();
  92:Core/Src/main.c **** 
  93:Core/Src/main.c ****   /* USER CODE BEGIN Init */
  94:Core/Src/main.c **** 
  95:Core/Src/main.c ****   /* USER CODE END Init */
  96:Core/Src/main.c **** 
  97:Core/Src/main.c ****   /* Configure the system clock */
  98:Core/Src/main.c ****   SystemClock_Config();
  99:Core/Src/main.c **** 
 100:Core/Src/main.c ****   /* USER CODE BEGIN SysInit */
 101:Core/Src/main.c **** 
 102:Core/Src/main.c ****   /* USER CODE END SysInit */
 103:Core/Src/main.c **** 
 104:Core/Src/main.c ****   /* Initialize all configured peripherals */
 105:Core/Src/main.c ****   MX_GPIO_Init();
 106:Core/Src/main.c **** 
 107:Core/Src/main.c **** 
 108:Core/Src/main.c ****   /* USER CODE BEGIN 2 */
 109:Core/Src/main.c **** 
 110:Core/Src/main.c ****   /* USER CODE END 2 */
 111:Core/Src/main.c **** 
 112:Core/Src/main.c ****   /* Infinite loop */
 113:Core/Src/main.c ****   /* USER CODE BEGIN WHILE */
 114:Core/Src/main.c ****   while (1)
 115:Core/Src/main.c ****   {
 116:Core/Src/main.c ****     /* USER CODE END WHILE */
 117:Core/Src/main.c **** 
 118:Core/Src/main.c ****     /* USER CODE BEGIN 3 */
 119:Core/Src/main.c **** 	  //TODO: Visual indicator: Turn on LED0 to signal processing start
 120:Core/Src/main.c **** 	  HAL_GPIO_TogglePin(GPIOB, GPIO_PIN_0);
 121:Core/Src/main.c **** 	    int height, width;
 122:Core/Src/main.c **** 	      //width = height = imageSize[0]; //128
 123:Core/Src/main.c **** 	      //width = height = imageSize[1]; //160
 124:Core/Src/main.c **** 	      //width = height = imageSize[2]; //192
 125:Core/Src/main.c **** 	      //width = height = imageSize[3]; //224
 126:Core/Src/main.c **** 	      width = height = imageSize[4];	//256
 127:Core/Src/main.c **** 
 128:Core/Src/main.c **** 	      start_time = HAL_GetTick();
 129:Core/Src/main.c **** 	           checksum = calculate_mandelbrot_fixed_point_arithmetic(width, height, MAX_ITER);
 130:Core/Src/main.c **** 	           //checksum = calculate_mandelbrot_double(width, height, MAX_ITER);
 131:Core/Src/main.c **** 	           end_time = HAL_GetTick();
 132:Core/Src/main.c **** 	           execution_time = end_time - start_time;
 133:Core/Src/main.c **** 	           HAL_GPIO_TogglePin(GPIOB, GPIO_PIN_1);
 134:Core/Src/main.c **** 	           HAL_Delay(2000);
 135:Core/Src/main.c **** 	           HAL_GPIO_TogglePin(GPIOB, GPIO_PIN_0|GPIO_PIN_1);
 136:Core/Src/main.c ****   }
 137:Core/Src/main.c ****   /* USER CODE END 3 */
 138:Core/Src/main.c **** }
 139:Core/Src/main.c **** 
 140:Core/Src/main.c **** /**
 141:Core/Src/main.c ****   * @brief System Clock Configuration
 142:Core/Src/main.c ****   * @retval None
 143:Core/Src/main.c ****   */
 144:Core/Src/main.c **** void SystemClock_Config(void)
 145:Core/Src/main.c **** {
 146:Core/Src/main.c ****   RCC_OscInitTypeDef RCC_OscInitStruct = {0};
 147:Core/Src/main.c ****   RCC_ClkInitTypeDef RCC_ClkInitStruct = {0};
ARM GAS  C:\Users\jonat\AppData\Local\Temp\ccKzNy7n.s 			page 4


 148:Core/Src/main.c **** 
 149:Core/Src/main.c ****   /** Initializes the RCC Oscillators according to the specified parameters
 150:Core/Src/main.c ****   * in the RCC_OscInitTypeDef structure.
 151:Core/Src/main.c ****   */
 152:Core/Src/main.c ****   RCC_OscInitStruct.OscillatorType = RCC_OSCILLATORTYPE_HSI;
 153:Core/Src/main.c ****   RCC_OscInitStruct.HSIState = RCC_HSI_ON;
 154:Core/Src/main.c ****   RCC_OscInitStruct.HSICalibrationValue = RCC_HSICALIBRATION_DEFAULT;
 155:Core/Src/main.c ****   RCC_OscInitStruct.PLL.PLLState = RCC_PLL_ON;
 156:Core/Src/main.c ****   RCC_OscInitStruct.PLL.PLLSource = RCC_PLLSOURCE_HSI;
 157:Core/Src/main.c ****   RCC_OscInitStruct.PLL.PLLMUL = RCC_PLL_MUL12;
 158:Core/Src/main.c ****   RCC_OscInitStruct.PLL.PREDIV = RCC_PREDIV_DIV1;
 159:Core/Src/main.c ****   if (HAL_RCC_OscConfig(&RCC_OscInitStruct) != HAL_OK)
 160:Core/Src/main.c ****   {
 161:Core/Src/main.c ****     Error_Handler();
 162:Core/Src/main.c ****   }
 163:Core/Src/main.c **** 
 164:Core/Src/main.c ****   /** Initializes the CPU, AHB and APB buses clocks
 165:Core/Src/main.c ****   */
 166:Core/Src/main.c ****   RCC_ClkInitStruct.ClockType = RCC_CLOCKTYPE_HCLK|RCC_CLOCKTYPE_SYSCLK
 167:Core/Src/main.c ****                               |RCC_CLOCKTYPE_PCLK1;
 168:Core/Src/main.c ****   RCC_ClkInitStruct.SYSCLKSource = RCC_SYSCLKSOURCE_PLLCLK;
 169:Core/Src/main.c ****   RCC_ClkInitStruct.AHBCLKDivider = RCC_SYSCLK_DIV1;
 170:Core/Src/main.c ****   RCC_ClkInitStruct.APB1CLKDivider = RCC_HCLK_DIV1;
 171:Core/Src/main.c **** 
 172:Core/Src/main.c ****   if (HAL_RCC_ClockConfig(&RCC_ClkInitStruct, FLASH_LATENCY_1) != HAL_OK)
 173:Core/Src/main.c ****   {
 174:Core/Src/main.c ****     Error_Handler();
 175:Core/Src/main.c ****   }
 176:Core/Src/main.c **** }
 177:Core/Src/main.c **** 
 178:Core/Src/main.c **** /**
 179:Core/Src/main.c ****   * @brief GPIO Initialization Function
 180:Core/Src/main.c ****   * @param None
 181:Core/Src/main.c ****   * @retval None
 182:Core/Src/main.c ****   */
 183:Core/Src/main.c **** static void MX_GPIO_Init(void)
 184:Core/Src/main.c **** {
  26              		.loc 1 184 1 view -0
  27              		.cfi_startproc
  28              		@ args = 0, pretend = 0, frame = 32
  29              		@ frame_needed = 0, uses_anonymous_args = 0
  30 0000 10B5     		push	{r4, lr}
  31              	.LCFI0:
  32              		.cfi_def_cfa_offset 8
  33              		.cfi_offset 4, -8
  34              		.cfi_offset 14, -4
  35 0002 88B0     		sub	sp, sp, #32
  36              	.LCFI1:
  37              		.cfi_def_cfa_offset 40
 185:Core/Src/main.c ****   GPIO_InitTypeDef GPIO_InitStruct = {0};
  38              		.loc 1 185 3 view .LVU1
  39              		.loc 1 185 20 is_stmt 0 view .LVU2
  40 0004 1422     		movs	r2, #20
  41 0006 0021     		movs	r1, #0
  42 0008 03A8     		add	r0, sp, #12
  43 000a FFF7FEFF 		bl	memset
  44              	.LVL0:
ARM GAS  C:\Users\jonat\AppData\Local\Temp\ccKzNy7n.s 			page 5


 186:Core/Src/main.c ****   /* USER CODE BEGIN MX_GPIO_Init_1 */
 187:Core/Src/main.c **** 
 188:Core/Src/main.c ****   /* USER CODE END MX_GPIO_Init_1 */
 189:Core/Src/main.c **** 
 190:Core/Src/main.c ****   /* GPIO Ports Clock Enable */
 191:Core/Src/main.c ****   __HAL_RCC_GPIOF_CLK_ENABLE();
  45              		.loc 1 191 3 is_stmt 1 view .LVU3
  46              	.LBB4:
  47              		.loc 1 191 3 view .LVU4
  48              		.loc 1 191 3 view .LVU5
  49 000e 174B     		ldr	r3, .L2
  50 0010 5A69     		ldr	r2, [r3, #20]
  51 0012 8021     		movs	r1, #128
  52 0014 C903     		lsls	r1, r1, #15
  53 0016 0A43     		orrs	r2, r1
  54 0018 5A61     		str	r2, [r3, #20]
  55              		.loc 1 191 3 view .LVU6
  56 001a 5A69     		ldr	r2, [r3, #20]
  57 001c 0A40     		ands	r2, r1
  58 001e 0092     		str	r2, [sp]
  59              		.loc 1 191 3 view .LVU7
  60 0020 009A     		ldr	r2, [sp]
  61              	.LBE4:
  62              		.loc 1 191 3 view .LVU8
 192:Core/Src/main.c ****   __HAL_RCC_GPIOB_CLK_ENABLE();
  63              		.loc 1 192 3 view .LVU9
  64              	.LBB5:
  65              		.loc 1 192 3 view .LVU10
  66              		.loc 1 192 3 view .LVU11
  67 0022 5A69     		ldr	r2, [r3, #20]
  68 0024 8021     		movs	r1, #128
  69 0026 C902     		lsls	r1, r1, #11
  70 0028 0A43     		orrs	r2, r1
  71 002a 5A61     		str	r2, [r3, #20]
  72              		.loc 1 192 3 view .LVU12
  73 002c 5A69     		ldr	r2, [r3, #20]
  74 002e 0A40     		ands	r2, r1
  75 0030 0192     		str	r2, [sp, #4]
  76              		.loc 1 192 3 view .LVU13
  77 0032 019A     		ldr	r2, [sp, #4]
  78              	.LBE5:
  79              		.loc 1 192 3 view .LVU14
 193:Core/Src/main.c ****   __HAL_RCC_GPIOA_CLK_ENABLE();
  80              		.loc 1 193 3 view .LVU15
  81              	.LBB6:
  82              		.loc 1 193 3 view .LVU16
  83              		.loc 1 193 3 view .LVU17
  84 0034 5A69     		ldr	r2, [r3, #20]
  85 0036 8021     		movs	r1, #128
  86 0038 8902     		lsls	r1, r1, #10
  87 003a 0A43     		orrs	r2, r1
  88 003c 5A61     		str	r2, [r3, #20]
  89              		.loc 1 193 3 view .LVU18
  90 003e 5B69     		ldr	r3, [r3, #20]
  91 0040 0B40     		ands	r3, r1
  92 0042 0293     		str	r3, [sp, #8]
  93              		.loc 1 193 3 view .LVU19
ARM GAS  C:\Users\jonat\AppData\Local\Temp\ccKzNy7n.s 			page 6


  94 0044 029B     		ldr	r3, [sp, #8]
  95              	.LBE6:
  96              		.loc 1 193 3 view .LVU20
 194:Core/Src/main.c **** 
 195:Core/Src/main.c ****   /*Configure GPIO pin Output Level */
 196:Core/Src/main.c ****   HAL_GPIO_WritePin(GPIOB, GPIO_PIN_0|GPIO_PIN_1|GPIO_PIN_2|GPIO_PIN_3
  97              		.loc 1 196 3 view .LVU21
  98 0046 0A4C     		ldr	r4, .L2+4
  99 0048 0022     		movs	r2, #0
 100 004a FF21     		movs	r1, #255
 101 004c 2000     		movs	r0, r4
 102 004e FFF7FEFF 		bl	HAL_GPIO_WritePin
 103              	.LVL1:
 197:Core/Src/main.c ****                           |GPIO_PIN_4|GPIO_PIN_5|GPIO_PIN_6|GPIO_PIN_7, GPIO_PIN_RESET);
 198:Core/Src/main.c **** 
 199:Core/Src/main.c ****   /*Configure GPIO pins : PB0 PB1 PB2 PB3
 200:Core/Src/main.c ****                            PB4 PB5 PB6 PB7 */
 201:Core/Src/main.c ****   GPIO_InitStruct.Pin = GPIO_PIN_0|GPIO_PIN_1|GPIO_PIN_2|GPIO_PIN_3
 104              		.loc 1 201 3 view .LVU22
 105              		.loc 1 201 23 is_stmt 0 view .LVU23
 106 0052 FF23     		movs	r3, #255
 107 0054 0393     		str	r3, [sp, #12]
 202:Core/Src/main.c ****                           |GPIO_PIN_4|GPIO_PIN_5|GPIO_PIN_6|GPIO_PIN_7;
 203:Core/Src/main.c ****   GPIO_InitStruct.Mode = GPIO_MODE_OUTPUT_PP;
 108              		.loc 1 203 3 is_stmt 1 view .LVU24
 109              		.loc 1 203 24 is_stmt 0 view .LVU25
 110 0056 FE3B     		subs	r3, r3, #254
 111 0058 0493     		str	r3, [sp, #16]
 204:Core/Src/main.c ****   GPIO_InitStruct.Pull = GPIO_NOPULL;
 112              		.loc 1 204 3 is_stmt 1 view .LVU26
 113              		.loc 1 204 24 is_stmt 0 view .LVU27
 114 005a 0023     		movs	r3, #0
 115 005c 0593     		str	r3, [sp, #20]
 205:Core/Src/main.c ****   GPIO_InitStruct.Speed = GPIO_SPEED_FREQ_LOW;
 116              		.loc 1 205 3 is_stmt 1 view .LVU28
 117              		.loc 1 205 25 is_stmt 0 view .LVU29
 118 005e 0693     		str	r3, [sp, #24]
 206:Core/Src/main.c ****   HAL_GPIO_Init(GPIOB, &GPIO_InitStruct);
 119              		.loc 1 206 3 is_stmt 1 view .LVU30
 120 0060 03A9     		add	r1, sp, #12
 121 0062 2000     		movs	r0, r4
 122 0064 FFF7FEFF 		bl	HAL_GPIO_Init
 123              	.LVL2:
 207:Core/Src/main.c **** 
 208:Core/Src/main.c ****   /* USER CODE BEGIN MX_GPIO_Init_2 */
 209:Core/Src/main.c **** 
 210:Core/Src/main.c ****   /* USER CODE END MX_GPIO_Init_2 */
 211:Core/Src/main.c **** }
 124              		.loc 1 211 1 is_stmt 0 view .LVU31
 125 0068 08B0     		add	sp, sp, #32
 126              		@ sp needed
 127 006a 10BD     		pop	{r4, pc}
 128              	.L3:
 129              		.align	2
 130              	.L2:
 131 006c 00100240 		.word	1073876992
 132 0070 00040048 		.word	1207960576
ARM GAS  C:\Users\jonat\AppData\Local\Temp\ccKzNy7n.s 			page 7


 133              		.cfi_endproc
 134              	.LFE42:
 136              		.global	__aeabi_lmul
 137              		.global	__aeabi_ldivmod
 138              		.section	.text.calculate_mandelbrot_fixed_point_arithmetic,"ax",%progbits
 139              		.align	1
 140              		.global	calculate_mandelbrot_fixed_point_arithmetic
 141              		.syntax unified
 142              		.code	16
 143              		.thumb_func
 145              	calculate_mandelbrot_fixed_point_arithmetic:
 146              	.LVL3:
 147              	.LFB43:
 212:Core/Src/main.c **** 
 213:Core/Src/main.c **** /* USER CODE BEGIN 4 */
 214:Core/Src/main.c **** //TODO: Function signatures you defined previously , implement them here
 215:Core/Src/main.c **** uint64_t calculate_mandelbrot_fixed_point_arithmetic(int width, int height, int max_iterations){
 148              		.loc 1 215 96 is_stmt 1 view -0
 149              		.cfi_startproc
 150              		@ args = 0, pretend = 0, frame = 64
 151              		@ frame_needed = 0, uses_anonymous_args = 0
 152              		.loc 1 215 96 is_stmt 0 view .LVU33
 153 0000 F0B5     		push	{r4, r5, r6, r7, lr}
 154              	.LCFI2:
 155              		.cfi_def_cfa_offset 20
 156              		.cfi_offset 4, -20
 157              		.cfi_offset 5, -16
 158              		.cfi_offset 6, -12
 159              		.cfi_offset 7, -8
 160              		.cfi_offset 14, -4
 161 0002 DE46     		mov	lr, fp
 162 0004 5746     		mov	r7, r10
 163 0006 4E46     		mov	r6, r9
 164 0008 4546     		mov	r5, r8
 165 000a E0B5     		push	{r5, r6, r7, lr}
 166              	.LCFI3:
 167              		.cfi_def_cfa_offset 36
 168              		.cfi_offset 8, -36
 169              		.cfi_offset 9, -32
 170              		.cfi_offset 10, -28
 171              		.cfi_offset 11, -24
 172 000c 91B0     		sub	sp, sp, #68
 173              	.LCFI4:
 174              		.cfi_def_cfa_offset 104
 175 000e 0F91     		str	r1, [sp, #60]
 176 0010 9146     		mov	r9, r2
 216:Core/Src/main.c **** 
 217:Core/Src/main.c **** 	uint64_t mandelbrot_sum = 0;
 177              		.loc 1 217 2 is_stmt 1 view .LVU34
 178              	.LVL4:
 218:Core/Src/main.c **** 
 219:Core/Src/main.c **** 	  // Defining scaling factor
 220:Core/Src/main.c **** 
 221:Core/Src/main.c **** 
 222:Core/Src/main.c **** 	 const int64_t S = 10000; //10^3
 179              		.loc 1 222 3 view .LVU35
 223:Core/Src/main.c **** 	 //const int64_t S = 100000; //10^4
ARM GAS  C:\Users\jonat\AppData\Local\Temp\ccKzNy7n.s 			page 8


 224:Core/Src/main.c **** 	 //const int64_t S = 10000000; //10^6
 225:Core/Src/main.c **** 
 226:Core/Src/main.c **** 	  // Fixed-point equivalents of the constants used in the function's operations
 227:Core/Src/main.c **** 	  const int64_t const_2_5=  2.5*S;
 180              		.loc 1 227 4 view .LVU36
 228:Core/Src/main.c **** 	  const int64_t const_3_5 = 3.5*S;
 181              		.loc 1 228 4 view .LVU37
 229:Core/Src/main.c **** 	  const int64_t const_1 = 1*S;
 182              		.loc 1 229 4 view .LVU38
 230:Core/Src/main.c **** 	  const int64_t const_2 = 2*S;
 183              		.loc 1 230 4 view .LVU39
 231:Core/Src/main.c **** 	  const int64_t const_4 = 4*S;
 184              		.loc 1 231 4 view .LVU40
 232:Core/Src/main.c **** 
 233:Core/Src/main.c **** 	  int64_t xi, yi, temp, x0, y0;
 185              		.loc 1 233 4 view .LVU41
 234:Core/Src/main.c **** 	  int iteration;
 186              		.loc 1 234 4 view .LVU42
 235:Core/Src/main.c **** 
 236:Core/Src/main.c **** 	  for (int y = 0; y < height; ++y) {
 187              		.loc 1 236 4 view .LVU43
 188              	.LBB7:
 189              		.loc 1 236 9 view .LVU44
 190              		.loc 1 236 13 is_stmt 0 view .LVU45
 191 0012 0023     		movs	r3, #0
 192 0014 0E93     		str	r3, [sp, #56]
 193              	.LBE7:
 217:Core/Src/main.c **** 
 194              		.loc 1 217 11 view .LVU46
 195 0016 0023     		movs	r3, #0
 196 0018 0024     		movs	r4, #0
 197 001a 0C93     		str	r3, [sp, #48]
 198 001c 0D94     		str	r4, [sp, #52]
 199 001e 0B90     		str	r0, [sp, #44]
 200              	.LBB10:
 201              		.loc 1 236 4 view .LVU47
 202 0020 82E0     		b	.L5
 203              	.LVL5:
 204              	.L8:
 205              	.LBB8:
 237:Core/Src/main.c **** 	    for (int x = 0; x < width; ++x) {
 238:Core/Src/main.c **** 	      // x0 = (x/width) * 3.5 - 2.5
 239:Core/Src/main.c **** 	      x0 = (x * const_3_5) / width - const_2_5;
 240:Core/Src/main.c **** 	      // y0 = (y/height) * 2.0 - 1.0
 241:Core/Src/main.c **** 	      y0 = (y * const_2) / height - const_1;
 242:Core/Src/main.c **** 
 243:Core/Src/main.c **** 	      xi = 0;
 244:Core/Src/main.c **** 	      yi = 0;
 245:Core/Src/main.c **** 	      iteration = 0;
 246:Core/Src/main.c **** 
 247:Core/Src/main.c **** 	      while (iteration < max_iterations && (xi * xi/S + yi * yi/S) <= const_4) {
 248:Core/Src/main.c **** 	        temp = (xi * xi)/S - (yi * yi)/S;
 206              		.loc 1 248 10 is_stmt 1 view .LVU48
 249:Core/Src/main.c **** 	        yi = (2 * xi * yi / S) + y0;
 207              		.loc 1 249 10 view .LVU49
 208              		.loc 1 249 23 is_stmt 0 view .LVU50
 209 0022 2200     		movs	r2, r4
ARM GAS  C:\Users\jonat\AppData\Local\Temp\ccKzNy7n.s 			page 9


 210 0024 2B00     		movs	r3, r5
 211 0026 3000     		movs	r0, r6
 212 0028 3900     		movs	r1, r7
 213 002a FFF7FEFF 		bl	__aeabi_lmul
 214              	.LVL6:
 215              		.loc 1 249 28 view .LVU51
 216 002e 484A     		ldr	r2, .L15
 217 0030 0023     		movs	r3, #0
 218 0032 FFF7FEFF 		bl	__aeabi_ldivmod
 219              	.LVL7:
 220              		.loc 1 249 13 view .LVU52
 221 0036 069C     		ldr	r4, [sp, #24]
 222 0038 079D     		ldr	r5, [sp, #28]
 223              	.LVL8:
 224              		.loc 1 249 13 view .LVU53
 225 003a 2418     		adds	r4, r4, r0
 226 003c 4D41     		adcs	r5, r5, r1
 227              	.LVL9:
 250:Core/Src/main.c **** 	        xi = temp + x0;
 228              		.loc 1 250 10 is_stmt 1 view .LVU54
 229              		.loc 1 250 13 is_stmt 0 view .LVU55
 230 003e 009E     		ldr	r6, [sp]
 231 0040 019F     		ldr	r7, [sp, #4]
 232              	.LVL10:
 233              		.loc 1 250 13 view .LVU56
 234 0042 029A     		ldr	r2, [sp, #8]
 235 0044 039B     		ldr	r3, [sp, #12]
 236 0046 B61A     		subs	r6, r6, r2
 237 0048 9F41     		sbcs	r7, r7, r3
 238              	.LVL11:
 239              		.loc 1 250 13 view .LVU57
 240 004a 049A     		ldr	r2, [sp, #16]
 241 004c 059B     		ldr	r3, [sp, #20]
 242 004e B618     		adds	r6, r6, r2
 243 0050 5F41     		adcs	r7, r7, r3
 244              	.LVL12:
 251:Core/Src/main.c **** 	        iteration++;
 245              		.loc 1 251 10 is_stmt 1 view .LVU58
 246              		.loc 1 251 19 is_stmt 0 view .LVU59
 247 0052 0123     		movs	r3, #1
 248 0054 9C46     		mov	ip, r3
 249 0056 E044     		add	r8, r8, ip
 250              	.LVL13:
 251              	.L6:
 247:Core/Src/main.c **** 	        temp = (xi * xi)/S - (yi * yi)/S;
 252              		.loc 1 247 42 is_stmt 1 view .LVU60
 253 0058 C845     		cmp	r8, r9
 254 005a 24DA     		bge	.L7
 247:Core/Src/main.c **** 	        temp = (xi * xi)/S - (yi * yi)/S;
 255              		.loc 1 247 49 is_stmt 0 discriminator 1 view .LVU61
 256 005c 3200     		movs	r2, r6
 257 005e 3B00     		movs	r3, r7
 258 0060 3000     		movs	r0, r6
 259 0062 3900     		movs	r1, r7
 260 0064 FFF7FEFF 		bl	__aeabi_lmul
 261              	.LVL14:
 247:Core/Src/main.c **** 	        temp = (xi * xi)/S - (yi * yi)/S;
ARM GAS  C:\Users\jonat\AppData\Local\Temp\ccKzNy7n.s 			page 10


 262              		.loc 1 247 53 discriminator 1 view .LVU62
 263 0068 3A4A     		ldr	r2, .L15+4
 264 006a 0023     		movs	r3, #0
 265 006c FFF7FEFF 		bl	__aeabi_ldivmod
 266              	.LVL15:
 267 0070 0090     		str	r0, [sp]
 268 0072 0191     		str	r1, [sp, #4]
 247:Core/Src/main.c **** 	        temp = (xi * xi)/S - (yi * yi)/S;
 269              		.loc 1 247 61 discriminator 1 view .LVU63
 270 0074 2200     		movs	r2, r4
 271 0076 2B00     		movs	r3, r5
 272 0078 2000     		movs	r0, r4
 273 007a 2900     		movs	r1, r5
 274 007c FFF7FEFF 		bl	__aeabi_lmul
 275              	.LVL16:
 247:Core/Src/main.c **** 	        temp = (xi * xi)/S - (yi * yi)/S;
 276              		.loc 1 247 65 discriminator 1 view .LVU64
 277 0080 344A     		ldr	r2, .L15+4
 278 0082 0023     		movs	r3, #0
 279 0084 FFF7FEFF 		bl	__aeabi_ldivmod
 280              	.LVL17:
 281 0088 0290     		str	r0, [sp, #8]
 282 008a 0391     		str	r1, [sp, #12]
 247:Core/Src/main.c **** 	        temp = (xi * xi)/S - (yi * yi)/S;
 283              		.loc 1 247 56 discriminator 1 view .LVU65
 284 008c 009A     		ldr	r2, [sp]
 285 008e 019B     		ldr	r3, [sp, #4]
 286 0090 0298     		ldr	r0, [sp, #8]
 287 0092 0399     		ldr	r1, [sp, #12]
 288 0094 1218     		adds	r2, r2, r0
 289 0096 4B41     		adcs	r3, r3, r1
 290 0098 1100     		movs	r1, r2
 247:Core/Src/main.c **** 	        temp = (xi * xi)/S - (yi * yi)/S;
 291              		.loc 1 247 42 discriminator 1 view .LVU66
 292 009a 002B     		cmp	r3, #0
 293 009c 03DC     		bgt	.L7
 294 009e C0D1     		bne	.L8
 295 00a0 2D4B     		ldr	r3, .L15+8
 296 00a2 9942     		cmp	r1, r3
 297 00a4 BDD9     		bls	.L8
 298              	.L7:
 252:Core/Src/main.c **** 	      }
 253:Core/Src/main.c **** 	      mandelbrot_sum += iteration;
 299              		.loc 1 253 8 is_stmt 1 view .LVU67
 300              		.loc 1 253 23 is_stmt 0 view .LVU68
 301 00a6 4346     		mov	r3, r8
 302 00a8 0893     		str	r3, [sp, #32]
 303 00aa DB17     		asrs	r3, r3, #31
 304 00ac 0993     		str	r3, [sp, #36]
 305 00ae 0C9B     		ldr	r3, [sp, #48]
 306 00b0 0D9C     		ldr	r4, [sp, #52]
 307 00b2 0899     		ldr	r1, [sp, #32]
 308 00b4 099A     		ldr	r2, [sp, #36]
 309 00b6 5B18     		adds	r3, r3, r1
 310 00b8 5441     		adcs	r4, r4, r2
 311 00ba 0C93     		str	r3, [sp, #48]
 312 00bc 0D94     		str	r4, [sp, #52]
ARM GAS  C:\Users\jonat\AppData\Local\Temp\ccKzNy7n.s 			page 11


 313              	.LVL18:
 237:Core/Src/main.c **** 	      // x0 = (x/width) * 3.5 - 2.5
 314              		.loc 1 237 33 is_stmt 1 discriminator 2 view .LVU69
 315 00be 0A9B     		ldr	r3, [sp, #40]
 316              	.LVL19:
 237:Core/Src/main.c **** 	      // x0 = (x/width) * 3.5 - 2.5
 317              		.loc 1 237 33 is_stmt 0 discriminator 2 view .LVU70
 318 00c0 0133     		adds	r3, r3, #1
 319 00c2 0A93     		str	r3, [sp, #40]
 320              	.LVL20:
 321              	.L11:
 237:Core/Src/main.c **** 	      // x0 = (x/width) * 3.5 - 2.5
 322              		.loc 1 237 24 is_stmt 1 discriminator 1 view .LVU71
 323 00c4 0A9B     		ldr	r3, [sp, #40]
 324 00c6 0B9A     		ldr	r2, [sp, #44]
 325 00c8 9342     		cmp	r3, r2
 326 00ca 2ADA     		bge	.L13
 239:Core/Src/main.c **** 	      // y0 = (y/height) * 2.0 - 1.0
 327              		.loc 1 239 8 view .LVU72
 239:Core/Src/main.c **** 	      // y0 = (y/height) * 2.0 - 1.0
 328              		.loc 1 239 16 is_stmt 0 view .LVU73
 329 00cc 0A98     		ldr	r0, [sp, #40]
 330 00ce C117     		asrs	r1, r0, #31
 331 00d0 224A     		ldr	r2, .L15+12
 332 00d2 0023     		movs	r3, #0
 333 00d4 FFF7FEFF 		bl	__aeabi_lmul
 334              	.LVL21:
 239:Core/Src/main.c **** 	      // y0 = (y/height) * 2.0 - 1.0
 335              		.loc 1 239 29 view .LVU74
 336 00d8 0B9A     		ldr	r2, [sp, #44]
 337 00da D317     		asrs	r3, r2, #31
 338 00dc FFF7FEFF 		bl	__aeabi_ldivmod
 339              	.LVL22:
 239:Core/Src/main.c **** 	      // y0 = (y/height) * 2.0 - 1.0
 340              		.loc 1 239 11 view .LVU75
 341 00e0 1F4A     		ldr	r2, .L15+16
 342 00e2 0123     		movs	r3, #1
 343 00e4 5B42     		rsbs	r3, r3, #0
 344 00e6 8018     		adds	r0, r0, r2
 345 00e8 5941     		adcs	r1, r1, r3
 346 00ea 0490     		str	r0, [sp, #16]
 347 00ec 0591     		str	r1, [sp, #20]
 348              	.LVL23:
 241:Core/Src/main.c **** 
 349              		.loc 1 241 8 is_stmt 1 view .LVU76
 241:Core/Src/main.c **** 
 350              		.loc 1 241 16 is_stmt 0 view .LVU77
 351 00ee 5346     		mov	r3, r10
 352 00f0 D917     		asrs	r1, r3, #31
 353 00f2 1C4A     		ldr	r2, .L15+20
 354 00f4 0023     		movs	r3, #0
 355 00f6 5046     		mov	r0, r10
 356              	.LVL24:
 241:Core/Src/main.c **** 
 357              		.loc 1 241 16 view .LVU78
 358 00f8 FFF7FEFF 		bl	__aeabi_lmul
 359              	.LVL25:
ARM GAS  C:\Users\jonat\AppData\Local\Temp\ccKzNy7n.s 			page 12


 241:Core/Src/main.c **** 
 360              		.loc 1 241 27 view .LVU79
 361 00fc 5B46     		mov	r3, fp
 362 00fe DB17     		asrs	r3, r3, #31
 363 0100 5A46     		mov	r2, fp
 364 0102 FFF7FEFF 		bl	__aeabi_ldivmod
 365              	.LVL26:
 241:Core/Src/main.c **** 
 366              		.loc 1 241 11 view .LVU80
 367 0106 184A     		ldr	r2, .L15+24
 368 0108 0123     		movs	r3, #1
 369 010a 5B42     		rsbs	r3, r3, #0
 370 010c 8018     		adds	r0, r0, r2
 371 010e 5941     		adcs	r1, r1, r3
 372 0110 0690     		str	r0, [sp, #24]
 373 0112 0791     		str	r1, [sp, #28]
 374              	.LVL27:
 243:Core/Src/main.c **** 	      yi = 0;
 375              		.loc 1 243 8 is_stmt 1 view .LVU81
 244:Core/Src/main.c **** 	      iteration = 0;
 376              		.loc 1 244 8 view .LVU82
 245:Core/Src/main.c **** 
 377              		.loc 1 245 8 view .LVU83
 247:Core/Src/main.c **** 	        temp = (xi * xi)/S - (yi * yi)/S;
 378              		.loc 1 247 8 view .LVU84
 245:Core/Src/main.c **** 
 379              		.loc 1 245 18 is_stmt 0 view .LVU85
 380 0114 0023     		movs	r3, #0
 381 0116 9846     		mov	r8, r3
 244:Core/Src/main.c **** 	      iteration = 0;
 382              		.loc 1 244 11 view .LVU86
 383 0118 0024     		movs	r4, #0
 384 011a 0025     		movs	r5, #0
 243:Core/Src/main.c **** 	      yi = 0;
 385              		.loc 1 243 11 view .LVU87
 386 011c 0026     		movs	r6, #0
 387 011e 0027     		movs	r7, #0
 247:Core/Src/main.c **** 	        temp = (xi * xi)/S - (yi * yi)/S;
 388              		.loc 1 247 14 view .LVU88
 389 0120 9AE7     		b	.L6
 390              	.LVL28:
 391              	.L13:
 247:Core/Src/main.c **** 	        temp = (xi * xi)/S - (yi * yi)/S;
 392              		.loc 1 247 14 view .LVU89
 393              	.LBE8:
 236:Core/Src/main.c **** 	    for (int x = 0; x < width; ++x) {
 394              		.loc 1 236 32 is_stmt 1 discriminator 2 view .LVU90
 395 0122 0E9B     		ldr	r3, [sp, #56]
 396              	.LVL29:
 236:Core/Src/main.c **** 	    for (int x = 0; x < width; ++x) {
 397              		.loc 1 236 32 is_stmt 0 discriminator 2 view .LVU91
 398 0124 0133     		adds	r3, r3, #1
 399 0126 0E93     		str	r3, [sp, #56]
 400              	.LVL30:
 401              	.L5:
 236:Core/Src/main.c **** 	    for (int x = 0; x < width; ++x) {
 402              		.loc 1 236 22 is_stmt 1 discriminator 1 view .LVU92
ARM GAS  C:\Users\jonat\AppData\Local\Temp\ccKzNy7n.s 			page 13


 403 0128 0E9B     		ldr	r3, [sp, #56]
 404 012a 0F9A     		ldr	r2, [sp, #60]
 405 012c 9342     		cmp	r3, r2
 406 012e 06DA     		bge	.L14
 407              	.LBB9:
 237:Core/Src/main.c **** 	      // x0 = (x/width) * 3.5 - 2.5
 408              		.loc 1 237 15 is_stmt 0 view .LVU93
 409 0130 0023     		movs	r3, #0
 410 0132 0A93     		str	r3, [sp, #40]
 411 0134 0E9B     		ldr	r3, [sp, #56]
 412 0136 9A46     		mov	r10, r3
 413 0138 0F9B     		ldr	r3, [sp, #60]
 414 013a 9B46     		mov	fp, r3
 415 013c C2E7     		b	.L11
 416              	.LVL31:
 417              	.L14:
 237:Core/Src/main.c **** 	      // x0 = (x/width) * 3.5 - 2.5
 418              		.loc 1 237 15 view .LVU94
 419              	.LBE9:
 420              	.LBE10:
 254:Core/Src/main.c **** 	    }
 255:Core/Src/main.c **** 	  }
 256:Core/Src/main.c **** 	  return mandelbrot_sum;
 421              		.loc 1 256 4 is_stmt 1 view .LVU95
 257:Core/Src/main.c **** 
 258:Core/Src/main.c **** }
 422              		.loc 1 258 1 is_stmt 0 view .LVU96
 423 013e 0C98     		ldr	r0, [sp, #48]
 424 0140 0D99     		ldr	r1, [sp, #52]
 425 0142 11B0     		add	sp, sp, #68
 426              		@ sp needed
 427              	.LVL32:
 428              		.loc 1 258 1 view .LVU97
 429 0144 F0BC     		pop	{r4, r5, r6, r7}
 430 0146 BB46     		mov	fp, r7
 431 0148 B246     		mov	r10, r6
 432 014a A946     		mov	r9, r5
 433 014c A046     		mov	r8, r4
 434 014e F0BD     		pop	{r4, r5, r6, r7, pc}
 435              	.L16:
 436              		.align	2
 437              	.L15:
 438 0150 88130000 		.word	5000
 439 0154 10270000 		.word	10000
 440 0158 409C0000 		.word	40000
 441 015c B8880000 		.word	35000
 442 0160 589EFFFF 		.word	-25000
 443 0164 204E0000 		.word	20000
 444 0168 F0D8FFFF 		.word	-10000
 445              		.cfi_endproc
 446              	.LFE43:
 448              		.global	__aeabi_i2d
 449              		.global	__aeabi_ddiv
 450              		.global	__aeabi_dmul
 451              		.global	__aeabi_dsub
 452              		.global	__aeabi_dadd
 453              		.global	__aeabi_ul2d
ARM GAS  C:\Users\jonat\AppData\Local\Temp\ccKzNy7n.s 			page 14


 454              		.global	__aeabi_dcmplt
 455              		.global	__aeabi_dcmple
 456              		.global	__aeabi_d2iz
 457              		.section	.text.calculate_mandelbrot_double,"ax",%progbits
 458              		.align	1
 459              		.global	calculate_mandelbrot_double
 460              		.syntax unified
 461              		.code	16
 462              		.thumb_func
 464              	calculate_mandelbrot_double:
 465              	.LVL33:
 466              	.LFB44:
 259:Core/Src/main.c **** //TODO: Mandelbrot using variable type double
 260:Core/Src/main.c **** uint64_t calculate_mandelbrot_double(double width, double height, double max_iterations) {
 467              		.loc 1 260 90 is_stmt 1 view -0
 468              		.cfi_startproc
 469              		@ args = 8, pretend = 0, frame = 64
 470              		@ frame_needed = 0, uses_anonymous_args = 0
 471              		.loc 1 260 90 is_stmt 0 view .LVU99
 472 0000 F0B5     		push	{r4, r5, r6, r7, lr}
 473              	.LCFI5:
 474              		.cfi_def_cfa_offset 20
 475              		.cfi_offset 4, -20
 476              		.cfi_offset 5, -16
 477              		.cfi_offset 6, -12
 478              		.cfi_offset 7, -8
 479              		.cfi_offset 14, -4
 480 0002 CE46     		mov	lr, r9
 481 0004 4746     		mov	r7, r8
 482 0006 80B5     		push	{r7, lr}
 483              	.LCFI6:
 484              		.cfi_def_cfa_offset 28
 485              		.cfi_offset 8, -28
 486              		.cfi_offset 9, -24
 487 0008 91B0     		sub	sp, sp, #68
 488              	.LCFI7:
 489              		.cfi_def_cfa_offset 96
 490 000a 0A90     		str	r0, [sp, #40]
 491 000c 0B91     		str	r1, [sp, #44]
 492 000e 0E92     		str	r2, [sp, #56]
 493 0010 0F93     		str	r3, [sp, #60]
 261:Core/Src/main.c ****     uint64_t mandelbrot_sum = 0;
 494              		.loc 1 261 5 is_stmt 1 view .LVU100
 495              	.LVL34:
 262:Core/Src/main.c **** 
 263:Core/Src/main.c ****     for (int py = 0; py < (int)height; py++) {
 496              		.loc 1 263 5 view .LVU101
 497              	.LBB11:
 498              		.loc 1 263 10 view .LVU102
 499              		.loc 1 263 14 is_stmt 0 view .LVU103
 500 0012 0023     		movs	r3, #0
 501 0014 9946     		mov	r9, r3
 502              	.LBE11:
 261:Core/Src/main.c ****     uint64_t mandelbrot_sum = 0;
 503              		.loc 1 261 14 view .LVU104
 504 0016 0023     		movs	r3, #0
 505 0018 0024     		movs	r4, #0
ARM GAS  C:\Users\jonat\AppData\Local\Temp\ccKzNy7n.s 			page 15


 506 001a 0C93     		str	r3, [sp, #48]
 507 001c 0D94     		str	r4, [sp, #52]
 508              	.LBB17:
 509              		.loc 1 263 5 view .LVU105
 510 001e 87E0     		b	.L18
 511              	.LVL35:
 512              	.L22:
 513              	.LBB12:
 514              	.LBB13:
 515              	.LBB14:
 264:Core/Src/main.c ****         for (int px = 0; px < (int)width; px++) {
 265:Core/Src/main.c ****             double x0 = ((double)px / width) * 3.5 - 2.5;
 266:Core/Src/main.c ****             double y0 = ((double)py / height) * 2.0 - 1.0;
 267:Core/Src/main.c **** 
 268:Core/Src/main.c ****             double xi = 0.0, yi = 0.0;
 269:Core/Src/main.c ****             uint64_t iteration = 0;
 270:Core/Src/main.c **** 
 271:Core/Src/main.c ****             while ((iteration < max_iterations) && ((xi * xi + yi * yi) <= 4.0)) {
 272:Core/Src/main.c ****                 double temp = xi * xi - yi * yi;
 516              		.loc 1 272 17 is_stmt 1 view .LVU106
 517              		.loc 1 272 24 is_stmt 0 view .LVU107
 518 0020 049A     		ldr	r2, [sp, #16]
 519 0022 059B     		ldr	r3, [sp, #20]
 520 0024 0298     		ldr	r0, [sp, #8]
 521 0026 0399     		ldr	r1, [sp, #12]
 522 0028 FFF7FEFF 		bl	__aeabi_dsub
 523              	.LVL36:
 524 002c 0290     		str	r0, [sp, #8]
 525 002e 0391     		str	r1, [sp, #12]
 526              	.LVL37:
 273:Core/Src/main.c ****                 yi = 2.0 * xi * yi + y0;
 527              		.loc 1 273 17 is_stmt 1 view .LVU108
 528              		.loc 1 273 26 is_stmt 0 view .LVU109
 529 0030 2200     		movs	r2, r4
 530 0032 2B00     		movs	r3, r5
 531 0034 2000     		movs	r0, r4
 532              	.LVL38:
 533              		.loc 1 273 26 view .LVU110
 534 0036 2900     		movs	r1, r5
 535 0038 FFF7FEFF 		bl	__aeabi_dadd
 536              	.LVL39:
 537              		.loc 1 273 31 view .LVU111
 538 003c 009A     		ldr	r2, [sp]
 539 003e 019B     		ldr	r3, [sp, #4]
 540 0040 FFF7FEFF 		bl	__aeabi_dmul
 541              	.LVL40:
 542              		.loc 1 273 20 view .LVU112
 543 0044 089A     		ldr	r2, [sp, #32]
 544 0046 099B     		ldr	r3, [sp, #36]
 545 0048 FFF7FEFF 		bl	__aeabi_dadd
 546              	.LVL41:
 547 004c 0090     		str	r0, [sp]
 548 004e 0191     		str	r1, [sp, #4]
 549              	.LVL42:
 274:Core/Src/main.c ****                 xi = temp + x0;
 550              		.loc 1 274 17 is_stmt 1 view .LVU113
 551              		.loc 1 274 20 is_stmt 0 view .LVU114
ARM GAS  C:\Users\jonat\AppData\Local\Temp\ccKzNy7n.s 			page 16


 552 0050 029A     		ldr	r2, [sp, #8]
 553 0052 039B     		ldr	r3, [sp, #12]
 554 0054 0698     		ldr	r0, [sp, #24]
 555 0056 0799     		ldr	r1, [sp, #28]
 556              	.LVL43:
 557              		.loc 1 274 20 view .LVU115
 558 0058 FFF7FEFF 		bl	__aeabi_dadd
 559              	.LVL44:
 560 005c 0400     		movs	r4, r0
 561              	.LVL45:
 562              		.loc 1 274 20 view .LVU116
 563 005e 0D00     		movs	r5, r1
 564              	.LVL46:
 275:Core/Src/main.c ****                 iteration++;
 565              		.loc 1 275 17 is_stmt 1 view .LVU117
 566              		.loc 1 275 26 is_stmt 0 view .LVU118
 567 0060 0122     		movs	r2, #1
 568 0062 0023     		movs	r3, #0
 569 0064 B618     		adds	r6, r6, r2
 570 0066 5F41     		adcs	r7, r7, r3
 571              	.LVL47:
 572              	.L19:
 573              		.loc 1 275 26 view .LVU119
 574              	.LBE14:
 271:Core/Src/main.c ****                 double temp = xi * xi - yi * yi;
 575              		.loc 1 271 49 is_stmt 1 view .LVU120
 271:Core/Src/main.c ****                 double temp = xi * xi - yi * yi;
 576              		.loc 1 271 31 is_stmt 0 view .LVU121
 577 0068 3000     		movs	r0, r6
 578 006a 3900     		movs	r1, r7
 579 006c FFF7FEFF 		bl	__aeabi_ul2d
 580              	.LVL48:
 271:Core/Src/main.c ****                 double temp = xi * xi - yi * yi;
 581              		.loc 1 271 49 view .LVU122
 582 0070 189A     		ldr	r2, [sp, #96]
 583 0072 199B     		ldr	r3, [sp, #100]
 584 0074 FFF7FEFF 		bl	__aeabi_dcmplt
 585              	.LVL49:
 586 0078 0028     		cmp	r0, #0
 587 007a 1BD0     		beq	.L20
 271:Core/Src/main.c ****                 double temp = xi * xi - yi * yi;
 588              		.loc 1 271 57 discriminator 1 view .LVU123
 589 007c 2200     		movs	r2, r4
 590 007e 2B00     		movs	r3, r5
 591 0080 2000     		movs	r0, r4
 592 0082 2900     		movs	r1, r5
 593 0084 FFF7FEFF 		bl	__aeabi_dmul
 594              	.LVL50:
 595 0088 0290     		str	r0, [sp, #8]
 596 008a 0391     		str	r1, [sp, #12]
 271:Core/Src/main.c ****                 double temp = xi * xi - yi * yi;
 597              		.loc 1 271 67 discriminator 1 view .LVU124
 598 008c 0098     		ldr	r0, [sp]
 599 008e 0199     		ldr	r1, [sp, #4]
 600 0090 0200     		movs	r2, r0
 601 0092 0B00     		movs	r3, r1
 602 0094 FFF7FEFF 		bl	__aeabi_dmul
ARM GAS  C:\Users\jonat\AppData\Local\Temp\ccKzNy7n.s 			page 17


 603              	.LVL51:
 604 0098 0200     		movs	r2, r0
 605 009a 0B00     		movs	r3, r1
 606 009c 0492     		str	r2, [sp, #16]
 607 009e 0593     		str	r3, [sp, #20]
 271:Core/Src/main.c ****                 double temp = xi * xi - yi * yi;
 608              		.loc 1 271 62 discriminator 1 view .LVU125
 609 00a0 0298     		ldr	r0, [sp, #8]
 610 00a2 0399     		ldr	r1, [sp, #12]
 611 00a4 FFF7FEFF 		bl	__aeabi_dadd
 612              	.LVL52:
 271:Core/Src/main.c ****                 double temp = xi * xi - yi * yi;
 613              		.loc 1 271 49 discriminator 1 view .LVU126
 614 00a8 0022     		movs	r2, #0
 615 00aa 2A4B     		ldr	r3, .L29
 616 00ac FFF7FEFF 		bl	__aeabi_dcmple
 617              	.LVL53:
 618 00b0 0028     		cmp	r0, #0
 619 00b2 B5D1     		bne	.L22
 620              	.L20:
 276:Core/Src/main.c ****             }
 277:Core/Src/main.c **** 
 278:Core/Src/main.c ****             mandelbrot_sum += iteration;
 621              		.loc 1 278 13 is_stmt 1 view .LVU127
 622              		.loc 1 278 28 is_stmt 0 view .LVU128
 623 00b4 0C9B     		ldr	r3, [sp, #48]
 624 00b6 0D9C     		ldr	r4, [sp, #52]
 625 00b8 9B19     		adds	r3, r3, r6
 626 00ba 7C41     		adcs	r4, r4, r7
 627 00bc 0C93     		str	r3, [sp, #48]
 628 00be 0D94     		str	r4, [sp, #52]
 629              	.LVL54:
 630              		.loc 1 278 28 view .LVU129
 631              	.LBE13:
 264:Core/Src/main.c ****             double x0 = ((double)px / width) * 3.5 - 2.5;
 632              		.loc 1 264 45 is_stmt 1 discriminator 2 view .LVU130
 633 00c0 0123     		movs	r3, #1
 634              	.LVL55:
 264:Core/Src/main.c ****             double x0 = ((double)px / width) * 3.5 - 2.5;
 635              		.loc 1 264 45 is_stmt 0 discriminator 2 view .LVU131
 636 00c2 9C46     		mov	ip, r3
 637 00c4 E144     		add	r9, r9, ip
 638              	.LVL56:
 639              	.L24:
 264:Core/Src/main.c ****             double x0 = ((double)px / width) * 3.5 - 2.5;
 640              		.loc 1 264 29 is_stmt 1 discriminator 1 view .LVU132
 264:Core/Src/main.c ****             double x0 = ((double)px / width) * 3.5 - 2.5;
 641              		.loc 1 264 31 is_stmt 0 discriminator 1 view .LVU133
 642 00c6 0A98     		ldr	r0, [sp, #40]
 643 00c8 0B99     		ldr	r1, [sp, #44]
 644 00ca FFF7FEFF 		bl	__aeabi_d2iz
 645              	.LVL57:
 264:Core/Src/main.c ****             double x0 = ((double)px / width) * 3.5 - 2.5;
 646              		.loc 1 264 29 discriminator 1 view .LVU134
 647 00ce 4845     		cmp	r0, r9
 648 00d0 2ADD     		ble	.L27
 649              	.LBB15:
ARM GAS  C:\Users\jonat\AppData\Local\Temp\ccKzNy7n.s 			page 18


 265:Core/Src/main.c ****             double y0 = ((double)py / height) * 2.0 - 1.0;
 650              		.loc 1 265 13 is_stmt 1 view .LVU135
 265:Core/Src/main.c ****             double y0 = ((double)py / height) * 2.0 - 1.0;
 651              		.loc 1 265 26 is_stmt 0 view .LVU136
 652 00d2 4846     		mov	r0, r9
 653 00d4 FFF7FEFF 		bl	__aeabi_i2d
 654              	.LVL58:
 265:Core/Src/main.c ****             double y0 = ((double)py / height) * 2.0 - 1.0;
 655              		.loc 1 265 37 view .LVU137
 656 00d8 0A9A     		ldr	r2, [sp, #40]
 657 00da 0B9B     		ldr	r3, [sp, #44]
 658 00dc FFF7FEFF 		bl	__aeabi_ddiv
 659              	.LVL59:
 265:Core/Src/main.c ****             double y0 = ((double)py / height) * 2.0 - 1.0;
 660              		.loc 1 265 46 view .LVU138
 661 00e0 0022     		movs	r2, #0
 662 00e2 1D4B     		ldr	r3, .L29+4
 663 00e4 FFF7FEFF 		bl	__aeabi_dmul
 664              	.LVL60:
 265:Core/Src/main.c ****             double y0 = ((double)py / height) * 2.0 - 1.0;
 665              		.loc 1 265 20 view .LVU139
 666 00e8 0022     		movs	r2, #0
 667 00ea 1C4B     		ldr	r3, .L29+8
 668 00ec FFF7FEFF 		bl	__aeabi_dsub
 669              	.LVL61:
 670 00f0 0690     		str	r0, [sp, #24]
 671 00f2 0791     		str	r1, [sp, #28]
 672              	.LVL62:
 266:Core/Src/main.c **** 
 673              		.loc 1 266 13 is_stmt 1 view .LVU140
 266:Core/Src/main.c **** 
 674              		.loc 1 266 26 is_stmt 0 view .LVU141
 675 00f4 4046     		mov	r0, r8
 676              	.LVL63:
 266:Core/Src/main.c **** 
 677              		.loc 1 266 26 view .LVU142
 678 00f6 FFF7FEFF 		bl	__aeabi_i2d
 679              	.LVL64:
 266:Core/Src/main.c **** 
 680              		.loc 1 266 37 view .LVU143
 681 00fa 0E9A     		ldr	r2, [sp, #56]
 682 00fc 0F9B     		ldr	r3, [sp, #60]
 683 00fe FFF7FEFF 		bl	__aeabi_ddiv
 684              	.LVL65:
 266:Core/Src/main.c **** 
 685              		.loc 1 266 47 view .LVU144
 686 0102 0200     		movs	r2, r0
 687 0104 0B00     		movs	r3, r1
 688 0106 FFF7FEFF 		bl	__aeabi_dadd
 689              	.LVL66:
 266:Core/Src/main.c **** 
 690              		.loc 1 266 20 view .LVU145
 691 010a 0022     		movs	r2, #0
 692 010c 144B     		ldr	r3, .L29+12
 693 010e FFF7FEFF 		bl	__aeabi_dsub
 694              	.LVL67:
 695 0112 0890     		str	r0, [sp, #32]
ARM GAS  C:\Users\jonat\AppData\Local\Temp\ccKzNy7n.s 			page 19


 696 0114 0991     		str	r1, [sp, #36]
 697              	.LVL68:
 268:Core/Src/main.c ****             uint64_t iteration = 0;
 698              		.loc 1 268 13 is_stmt 1 view .LVU146
 269:Core/Src/main.c **** 
 699              		.loc 1 269 13 view .LVU147
 271:Core/Src/main.c ****                 double temp = xi * xi - yi * yi;
 700              		.loc 1 271 13 view .LVU148
 269:Core/Src/main.c **** 
 701              		.loc 1 269 22 is_stmt 0 view .LVU149
 702 0116 0026     		movs	r6, #0
 703 0118 0027     		movs	r7, #0
 268:Core/Src/main.c ****             uint64_t iteration = 0;
 704              		.loc 1 268 30 view .LVU150
 705 011a 0023     		movs	r3, #0
 706 011c 0024     		movs	r4, #0
 707 011e 0093     		str	r3, [sp]
 708 0120 0194     		str	r4, [sp, #4]
 268:Core/Src/main.c ****             uint64_t iteration = 0;
 709              		.loc 1 268 20 view .LVU151
 710 0122 2500     		movs	r5, r4
 711 0124 1C00     		movs	r4, r3
 271:Core/Src/main.c ****                 double temp = xi * xi - yi * yi;
 712              		.loc 1 271 19 view .LVU152
 713 0126 9FE7     		b	.L19
 714              	.LVL69:
 715              	.L27:
 271:Core/Src/main.c ****                 double temp = xi * xi - yi * yi;
 716              		.loc 1 271 19 view .LVU153
 717              	.LBE15:
 718              	.LBE12:
 263:Core/Src/main.c ****         for (int px = 0; px < (int)width; px++) {
 719              		.loc 1 263 42 discriminator 2 view .LVU154
 720 0128 C146     		mov	r9, r8
 721              	.LVL70:
 263:Core/Src/main.c ****         for (int px = 0; px < (int)width; px++) {
 722              		.loc 1 263 42 is_stmt 1 discriminator 2 view .LVU155
 723 012a 0123     		movs	r3, #1
 724 012c 9C46     		mov	ip, r3
 725 012e E144     		add	r9, r9, ip
 726              	.LVL71:
 727              	.L18:
 263:Core/Src/main.c ****         for (int px = 0; px < (int)width; px++) {
 728              		.loc 1 263 25 discriminator 1 view .LVU156
 263:Core/Src/main.c ****         for (int px = 0; px < (int)width; px++) {
 729              		.loc 1 263 27 is_stmt 0 discriminator 1 view .LVU157
 730 0130 0E98     		ldr	r0, [sp, #56]
 731 0132 0F99     		ldr	r1, [sp, #60]
 732 0134 FFF7FEFF 		bl	__aeabi_d2iz
 733              	.LVL72:
 263:Core/Src/main.c ****         for (int px = 0; px < (int)width; px++) {
 734              		.loc 1 263 25 discriminator 1 view .LVU158
 735 0138 4845     		cmp	r0, r9
 736 013a 03DD     		ble	.L28
 737              	.LBB16:
 264:Core/Src/main.c ****             double x0 = ((double)px / width) * 3.5 - 2.5;
 738              		.loc 1 264 18 view .LVU159
ARM GAS  C:\Users\jonat\AppData\Local\Temp\ccKzNy7n.s 			page 20


 739 013c 0023     		movs	r3, #0
 740 013e C846     		mov	r8, r9
 741 0140 9946     		mov	r9, r3
 742              	.LVL73:
 264:Core/Src/main.c ****             double x0 = ((double)px / width) * 3.5 - 2.5;
 743              		.loc 1 264 18 view .LVU160
 744 0142 C0E7     		b	.L24
 745              	.LVL74:
 746              	.L28:
 264:Core/Src/main.c ****             double x0 = ((double)px / width) * 3.5 - 2.5;
 747              		.loc 1 264 18 view .LVU161
 748              	.LBE16:
 749              	.LBE17:
 279:Core/Src/main.c ****         }
 280:Core/Src/main.c ****     }
 281:Core/Src/main.c **** 
 282:Core/Src/main.c ****     return mandelbrot_sum;
 750              		.loc 1 282 5 is_stmt 1 view .LVU162
 283:Core/Src/main.c **** }
 751              		.loc 1 283 1 is_stmt 0 view .LVU163
 752 0144 0C98     		ldr	r0, [sp, #48]
 753 0146 0D99     		ldr	r1, [sp, #52]
 754 0148 11B0     		add	sp, sp, #68
 755              		@ sp needed
 756              	.LVL75:
 757              		.loc 1 283 1 view .LVU164
 758 014a C0BC     		pop	{r6, r7}
 759 014c B946     		mov	r9, r7
 760 014e B046     		mov	r8, r6
 761 0150 F0BD     		pop	{r4, r5, r6, r7, pc}
 762              	.L30:
 763 0152 C046     		.align	2
 764              	.L29:
 765 0154 00001040 		.word	1074790400
 766 0158 00000C40 		.word	1074528256
 767 015c 00000440 		.word	1074003968
 768 0160 0000F03F 		.word	1072693248
 769              		.cfi_endproc
 770              	.LFE44:
 772              		.section	.text.Error_Handler,"ax",%progbits
 773              		.align	1
 774              		.global	Error_Handler
 775              		.syntax unified
 776              		.code	16
 777              		.thumb_func
 779              	Error_Handler:
 780              	.LFB45:
 284:Core/Src/main.c **** 
 285:Core/Src/main.c **** 
 286:Core/Src/main.c **** /* USER CODE END 4 */
 287:Core/Src/main.c **** 
 288:Core/Src/main.c **** /**
 289:Core/Src/main.c ****   * @brief  This function is executed in case of error occurrence.
 290:Core/Src/main.c ****   * @retval None
 291:Core/Src/main.c ****   */
 292:Core/Src/main.c **** void Error_Handler(void)
 293:Core/Src/main.c **** {
ARM GAS  C:\Users\jonat\AppData\Local\Temp\ccKzNy7n.s 			page 21


 781              		.loc 1 293 1 is_stmt 1 view -0
 782              		.cfi_startproc
 783              		@ Volatile: function does not return.
 784              		@ args = 0, pretend = 0, frame = 0
 785              		@ frame_needed = 0, uses_anonymous_args = 0
 786              		@ link register save eliminated.
 294:Core/Src/main.c ****   /* USER CODE BEGIN Error_Handler_Debug */
 295:Core/Src/main.c ****   /* User can add his own implementation to report the HAL error return state */
 296:Core/Src/main.c ****   __disable_irq();
 787              		.loc 1 296 3 view .LVU166
 788              	.LBB18:
 789              	.LBI18:
 790              		.file 2 "Drivers/CMSIS/Include/cmsis_gcc.h"
   1:Drivers/CMSIS/Include/cmsis_gcc.h **** /**************************************************************************//**
   2:Drivers/CMSIS/Include/cmsis_gcc.h ****  * @file     cmsis_gcc.h
   3:Drivers/CMSIS/Include/cmsis_gcc.h ****  * @brief    CMSIS compiler GCC header file
   4:Drivers/CMSIS/Include/cmsis_gcc.h ****  * @version  V5.0.4
   5:Drivers/CMSIS/Include/cmsis_gcc.h ****  * @date     09. April 2018
   6:Drivers/CMSIS/Include/cmsis_gcc.h ****  ******************************************************************************/
   7:Drivers/CMSIS/Include/cmsis_gcc.h **** /*
   8:Drivers/CMSIS/Include/cmsis_gcc.h ****  * Copyright (c) 2009-2018 Arm Limited. All rights reserved.
   9:Drivers/CMSIS/Include/cmsis_gcc.h ****  *
  10:Drivers/CMSIS/Include/cmsis_gcc.h ****  * SPDX-License-Identifier: Apache-2.0
  11:Drivers/CMSIS/Include/cmsis_gcc.h ****  *
  12:Drivers/CMSIS/Include/cmsis_gcc.h ****  * Licensed under the Apache License, Version 2.0 (the License); you may
  13:Drivers/CMSIS/Include/cmsis_gcc.h ****  * not use this file except in compliance with the License.
  14:Drivers/CMSIS/Include/cmsis_gcc.h ****  * You may obtain a copy of the License at
  15:Drivers/CMSIS/Include/cmsis_gcc.h ****  *
  16:Drivers/CMSIS/Include/cmsis_gcc.h ****  * www.apache.org/licenses/LICENSE-2.0
  17:Drivers/CMSIS/Include/cmsis_gcc.h ****  *
  18:Drivers/CMSIS/Include/cmsis_gcc.h ****  * Unless required by applicable law or agreed to in writing, software
  19:Drivers/CMSIS/Include/cmsis_gcc.h ****  * distributed under the License is distributed on an AS IS BASIS, WITHOUT
  20:Drivers/CMSIS/Include/cmsis_gcc.h ****  * WARRANTIES OR CONDITIONS OF ANY KIND, either express or implied.
  21:Drivers/CMSIS/Include/cmsis_gcc.h ****  * See the License for the specific language governing permissions and
  22:Drivers/CMSIS/Include/cmsis_gcc.h ****  * limitations under the License.
  23:Drivers/CMSIS/Include/cmsis_gcc.h ****  */
  24:Drivers/CMSIS/Include/cmsis_gcc.h **** 
  25:Drivers/CMSIS/Include/cmsis_gcc.h **** #ifndef __CMSIS_GCC_H
  26:Drivers/CMSIS/Include/cmsis_gcc.h **** #define __CMSIS_GCC_H
  27:Drivers/CMSIS/Include/cmsis_gcc.h **** 
  28:Drivers/CMSIS/Include/cmsis_gcc.h **** /* ignore some GCC warnings */
  29:Drivers/CMSIS/Include/cmsis_gcc.h **** #pragma GCC diagnostic push
  30:Drivers/CMSIS/Include/cmsis_gcc.h **** #pragma GCC diagnostic ignored "-Wsign-conversion"
  31:Drivers/CMSIS/Include/cmsis_gcc.h **** #pragma GCC diagnostic ignored "-Wconversion"
  32:Drivers/CMSIS/Include/cmsis_gcc.h **** #pragma GCC diagnostic ignored "-Wunused-parameter"
  33:Drivers/CMSIS/Include/cmsis_gcc.h **** 
  34:Drivers/CMSIS/Include/cmsis_gcc.h **** /* Fallback for __has_builtin */
  35:Drivers/CMSIS/Include/cmsis_gcc.h **** #ifndef __has_builtin
  36:Drivers/CMSIS/Include/cmsis_gcc.h ****   #define __has_builtin(x) (0)
  37:Drivers/CMSIS/Include/cmsis_gcc.h **** #endif
  38:Drivers/CMSIS/Include/cmsis_gcc.h **** 
  39:Drivers/CMSIS/Include/cmsis_gcc.h **** /* CMSIS compiler specific defines */
  40:Drivers/CMSIS/Include/cmsis_gcc.h **** #ifndef   __ASM
  41:Drivers/CMSIS/Include/cmsis_gcc.h ****   #define __ASM                                  __asm
  42:Drivers/CMSIS/Include/cmsis_gcc.h **** #endif
  43:Drivers/CMSIS/Include/cmsis_gcc.h **** #ifndef   __INLINE
  44:Drivers/CMSIS/Include/cmsis_gcc.h ****   #define __INLINE                               inline
ARM GAS  C:\Users\jonat\AppData\Local\Temp\ccKzNy7n.s 			page 22


  45:Drivers/CMSIS/Include/cmsis_gcc.h **** #endif
  46:Drivers/CMSIS/Include/cmsis_gcc.h **** #ifndef   __STATIC_INLINE
  47:Drivers/CMSIS/Include/cmsis_gcc.h ****   #define __STATIC_INLINE                        static inline
  48:Drivers/CMSIS/Include/cmsis_gcc.h **** #endif
  49:Drivers/CMSIS/Include/cmsis_gcc.h **** #ifndef   __STATIC_FORCEINLINE                 
  50:Drivers/CMSIS/Include/cmsis_gcc.h ****   #define __STATIC_FORCEINLINE                   __attribute__((always_inline)) static inline
  51:Drivers/CMSIS/Include/cmsis_gcc.h **** #endif                                           
  52:Drivers/CMSIS/Include/cmsis_gcc.h **** #ifndef   __NO_RETURN
  53:Drivers/CMSIS/Include/cmsis_gcc.h ****   #define __NO_RETURN                            __attribute__((__noreturn__))
  54:Drivers/CMSIS/Include/cmsis_gcc.h **** #endif
  55:Drivers/CMSIS/Include/cmsis_gcc.h **** #ifndef   __USED
  56:Drivers/CMSIS/Include/cmsis_gcc.h ****   #define __USED                                 __attribute__((used))
  57:Drivers/CMSIS/Include/cmsis_gcc.h **** #endif
  58:Drivers/CMSIS/Include/cmsis_gcc.h **** #ifndef   __WEAK
  59:Drivers/CMSIS/Include/cmsis_gcc.h ****   #define __WEAK                                 __attribute__((weak))
  60:Drivers/CMSIS/Include/cmsis_gcc.h **** #endif
  61:Drivers/CMSIS/Include/cmsis_gcc.h **** #ifndef   __PACKED
  62:Drivers/CMSIS/Include/cmsis_gcc.h ****   #define __PACKED                               __attribute__((packed, aligned(1)))
  63:Drivers/CMSIS/Include/cmsis_gcc.h **** #endif
  64:Drivers/CMSIS/Include/cmsis_gcc.h **** #ifndef   __PACKED_STRUCT
  65:Drivers/CMSIS/Include/cmsis_gcc.h ****   #define __PACKED_STRUCT                        struct __attribute__((packed, aligned(1)))
  66:Drivers/CMSIS/Include/cmsis_gcc.h **** #endif
  67:Drivers/CMSIS/Include/cmsis_gcc.h **** #ifndef   __PACKED_UNION
  68:Drivers/CMSIS/Include/cmsis_gcc.h ****   #define __PACKED_UNION                         union __attribute__((packed, aligned(1)))
  69:Drivers/CMSIS/Include/cmsis_gcc.h **** #endif
  70:Drivers/CMSIS/Include/cmsis_gcc.h **** #ifndef   __UNALIGNED_UINT32        /* deprecated */
  71:Drivers/CMSIS/Include/cmsis_gcc.h ****   #pragma GCC diagnostic push
  72:Drivers/CMSIS/Include/cmsis_gcc.h ****   #pragma GCC diagnostic ignored "-Wpacked"
  73:Drivers/CMSIS/Include/cmsis_gcc.h ****   #pragma GCC diagnostic ignored "-Wattributes"
  74:Drivers/CMSIS/Include/cmsis_gcc.h ****   struct __attribute__((packed)) T_UINT32 { uint32_t v; };
  75:Drivers/CMSIS/Include/cmsis_gcc.h ****   #pragma GCC diagnostic pop
  76:Drivers/CMSIS/Include/cmsis_gcc.h ****   #define __UNALIGNED_UINT32(x)                  (((struct T_UINT32 *)(x))->v)
  77:Drivers/CMSIS/Include/cmsis_gcc.h **** #endif
  78:Drivers/CMSIS/Include/cmsis_gcc.h **** #ifndef   __UNALIGNED_UINT16_WRITE
  79:Drivers/CMSIS/Include/cmsis_gcc.h ****   #pragma GCC diagnostic push
  80:Drivers/CMSIS/Include/cmsis_gcc.h ****   #pragma GCC diagnostic ignored "-Wpacked"
  81:Drivers/CMSIS/Include/cmsis_gcc.h ****   #pragma GCC diagnostic ignored "-Wattributes"
  82:Drivers/CMSIS/Include/cmsis_gcc.h ****   __PACKED_STRUCT T_UINT16_WRITE { uint16_t v; };
  83:Drivers/CMSIS/Include/cmsis_gcc.h ****   #pragma GCC diagnostic pop
  84:Drivers/CMSIS/Include/cmsis_gcc.h ****   #define __UNALIGNED_UINT16_WRITE(addr, val)    (void)((((struct T_UINT16_WRITE *)(void *)(addr))-
  85:Drivers/CMSIS/Include/cmsis_gcc.h **** #endif
  86:Drivers/CMSIS/Include/cmsis_gcc.h **** #ifndef   __UNALIGNED_UINT16_READ
  87:Drivers/CMSIS/Include/cmsis_gcc.h ****   #pragma GCC diagnostic push
  88:Drivers/CMSIS/Include/cmsis_gcc.h ****   #pragma GCC diagnostic ignored "-Wpacked"
  89:Drivers/CMSIS/Include/cmsis_gcc.h ****   #pragma GCC diagnostic ignored "-Wattributes"
  90:Drivers/CMSIS/Include/cmsis_gcc.h ****   __PACKED_STRUCT T_UINT16_READ { uint16_t v; };
  91:Drivers/CMSIS/Include/cmsis_gcc.h ****   #pragma GCC diagnostic pop
  92:Drivers/CMSIS/Include/cmsis_gcc.h ****   #define __UNALIGNED_UINT16_READ(addr)          (((const struct T_UINT16_READ *)(const void *)(add
  93:Drivers/CMSIS/Include/cmsis_gcc.h **** #endif
  94:Drivers/CMSIS/Include/cmsis_gcc.h **** #ifndef   __UNALIGNED_UINT32_WRITE
  95:Drivers/CMSIS/Include/cmsis_gcc.h ****   #pragma GCC diagnostic push
  96:Drivers/CMSIS/Include/cmsis_gcc.h ****   #pragma GCC diagnostic ignored "-Wpacked"
  97:Drivers/CMSIS/Include/cmsis_gcc.h ****   #pragma GCC diagnostic ignored "-Wattributes"
  98:Drivers/CMSIS/Include/cmsis_gcc.h ****   __PACKED_STRUCT T_UINT32_WRITE { uint32_t v; };
  99:Drivers/CMSIS/Include/cmsis_gcc.h ****   #pragma GCC diagnostic pop
 100:Drivers/CMSIS/Include/cmsis_gcc.h ****   #define __UNALIGNED_UINT32_WRITE(addr, val)    (void)((((struct T_UINT32_WRITE *)(void *)(addr))-
 101:Drivers/CMSIS/Include/cmsis_gcc.h **** #endif
ARM GAS  C:\Users\jonat\AppData\Local\Temp\ccKzNy7n.s 			page 23


 102:Drivers/CMSIS/Include/cmsis_gcc.h **** #ifndef   __UNALIGNED_UINT32_READ
 103:Drivers/CMSIS/Include/cmsis_gcc.h ****   #pragma GCC diagnostic push
 104:Drivers/CMSIS/Include/cmsis_gcc.h ****   #pragma GCC diagnostic ignored "-Wpacked"
 105:Drivers/CMSIS/Include/cmsis_gcc.h ****   #pragma GCC diagnostic ignored "-Wattributes"
 106:Drivers/CMSIS/Include/cmsis_gcc.h ****   __PACKED_STRUCT T_UINT32_READ { uint32_t v; };
 107:Drivers/CMSIS/Include/cmsis_gcc.h ****   #pragma GCC diagnostic pop
 108:Drivers/CMSIS/Include/cmsis_gcc.h ****   #define __UNALIGNED_UINT32_READ(addr)          (((const struct T_UINT32_READ *)(const void *)(add
 109:Drivers/CMSIS/Include/cmsis_gcc.h **** #endif
 110:Drivers/CMSIS/Include/cmsis_gcc.h **** #ifndef   __ALIGNED
 111:Drivers/CMSIS/Include/cmsis_gcc.h ****   #define __ALIGNED(x)                           __attribute__((aligned(x)))
 112:Drivers/CMSIS/Include/cmsis_gcc.h **** #endif
 113:Drivers/CMSIS/Include/cmsis_gcc.h **** #ifndef   __RESTRICT
 114:Drivers/CMSIS/Include/cmsis_gcc.h ****   #define __RESTRICT                             __restrict
 115:Drivers/CMSIS/Include/cmsis_gcc.h **** #endif
 116:Drivers/CMSIS/Include/cmsis_gcc.h **** 
 117:Drivers/CMSIS/Include/cmsis_gcc.h **** 
 118:Drivers/CMSIS/Include/cmsis_gcc.h **** /* ###########################  Core Function Access  ########################### */
 119:Drivers/CMSIS/Include/cmsis_gcc.h **** /** \ingroup  CMSIS_Core_FunctionInterface
 120:Drivers/CMSIS/Include/cmsis_gcc.h ****     \defgroup CMSIS_Core_RegAccFunctions CMSIS Core Register Access Functions
 121:Drivers/CMSIS/Include/cmsis_gcc.h ****   @{
 122:Drivers/CMSIS/Include/cmsis_gcc.h ****  */
 123:Drivers/CMSIS/Include/cmsis_gcc.h **** 
 124:Drivers/CMSIS/Include/cmsis_gcc.h **** /**
 125:Drivers/CMSIS/Include/cmsis_gcc.h ****   \brief   Enable IRQ Interrupts
 126:Drivers/CMSIS/Include/cmsis_gcc.h ****   \details Enables IRQ interrupts by clearing the I-bit in the CPSR.
 127:Drivers/CMSIS/Include/cmsis_gcc.h ****            Can only be executed in Privileged modes.
 128:Drivers/CMSIS/Include/cmsis_gcc.h ****  */
 129:Drivers/CMSIS/Include/cmsis_gcc.h **** __STATIC_FORCEINLINE void __enable_irq(void)
 130:Drivers/CMSIS/Include/cmsis_gcc.h **** {
 131:Drivers/CMSIS/Include/cmsis_gcc.h ****   __ASM volatile ("cpsie i" : : : "memory");
 132:Drivers/CMSIS/Include/cmsis_gcc.h **** }
 133:Drivers/CMSIS/Include/cmsis_gcc.h **** 
 134:Drivers/CMSIS/Include/cmsis_gcc.h **** 
 135:Drivers/CMSIS/Include/cmsis_gcc.h **** /**
 136:Drivers/CMSIS/Include/cmsis_gcc.h ****   \brief   Disable IRQ Interrupts
 137:Drivers/CMSIS/Include/cmsis_gcc.h ****   \details Disables IRQ interrupts by setting the I-bit in the CPSR.
 138:Drivers/CMSIS/Include/cmsis_gcc.h ****            Can only be executed in Privileged modes.
 139:Drivers/CMSIS/Include/cmsis_gcc.h ****  */
 140:Drivers/CMSIS/Include/cmsis_gcc.h **** __STATIC_FORCEINLINE void __disable_irq(void)
 791              		.loc 2 140 27 view .LVU167
 792              	.LBB19:
 141:Drivers/CMSIS/Include/cmsis_gcc.h **** {
 142:Drivers/CMSIS/Include/cmsis_gcc.h ****   __ASM volatile ("cpsid i" : : : "memory");
 793              		.loc 2 142 3 view .LVU168
 794              		.syntax divided
 795              	@ 142 "Drivers/CMSIS/Include/cmsis_gcc.h" 1
 796 0000 72B6     		cpsid i
 797              	@ 0 "" 2
 798              		.thumb
 799              		.syntax unified
 800              	.L32:
 801              	.LBE19:
 802              	.LBE18:
 297:Core/Src/main.c ****   while (1)
 803              		.loc 1 297 3 view .LVU169
 298:Core/Src/main.c ****   {
 299:Core/Src/main.c ****   }
ARM GAS  C:\Users\jonat\AppData\Local\Temp\ccKzNy7n.s 			page 24


 804              		.loc 1 299 3 view .LVU170
 297:Core/Src/main.c ****   while (1)
 805              		.loc 1 297 9 view .LVU171
 806 0002 FEE7     		b	.L32
 807              		.cfi_endproc
 808              	.LFE45:
 810              		.section	.text.SystemClock_Config,"ax",%progbits
 811              		.align	1
 812              		.global	SystemClock_Config
 813              		.syntax unified
 814              		.code	16
 815              		.thumb_func
 817              	SystemClock_Config:
 818              	.LFB41:
 145:Core/Src/main.c ****   RCC_OscInitTypeDef RCC_OscInitStruct = {0};
 819              		.loc 1 145 1 view -0
 820              		.cfi_startproc
 821              		@ args = 0, pretend = 0, frame = 64
 822              		@ frame_needed = 0, uses_anonymous_args = 0
 823 0000 00B5     		push	{lr}
 824              	.LCFI8:
 825              		.cfi_def_cfa_offset 4
 826              		.cfi_offset 14, -4
 827 0002 91B0     		sub	sp, sp, #68
 828              	.LCFI9:
 829              		.cfi_def_cfa_offset 72
 146:Core/Src/main.c ****   RCC_ClkInitTypeDef RCC_ClkInitStruct = {0};
 830              		.loc 1 146 3 view .LVU173
 146:Core/Src/main.c ****   RCC_ClkInitTypeDef RCC_ClkInitStruct = {0};
 831              		.loc 1 146 22 is_stmt 0 view .LVU174
 832 0004 3022     		movs	r2, #48
 833 0006 0021     		movs	r1, #0
 834 0008 04A8     		add	r0, sp, #16
 835 000a FFF7FEFF 		bl	memset
 836              	.LVL76:
 147:Core/Src/main.c **** 
 837              		.loc 1 147 3 is_stmt 1 view .LVU175
 147:Core/Src/main.c **** 
 838              		.loc 1 147 22 is_stmt 0 view .LVU176
 839 000e 1022     		movs	r2, #16
 840 0010 0021     		movs	r1, #0
 841 0012 6846     		mov	r0, sp
 842 0014 FFF7FEFF 		bl	memset
 843              	.LVL77:
 152:Core/Src/main.c ****   RCC_OscInitStruct.HSIState = RCC_HSI_ON;
 844              		.loc 1 152 3 is_stmt 1 view .LVU177
 152:Core/Src/main.c ****   RCC_OscInitStruct.HSIState = RCC_HSI_ON;
 845              		.loc 1 152 36 is_stmt 0 view .LVU178
 846 0018 0223     		movs	r3, #2
 847 001a 0493     		str	r3, [sp, #16]
 153:Core/Src/main.c ****   RCC_OscInitStruct.HSICalibrationValue = RCC_HSICALIBRATION_DEFAULT;
 848              		.loc 1 153 3 is_stmt 1 view .LVU179
 153:Core/Src/main.c ****   RCC_OscInitStruct.HSICalibrationValue = RCC_HSICALIBRATION_DEFAULT;
 849              		.loc 1 153 30 is_stmt 0 view .LVU180
 850 001c 0122     		movs	r2, #1
 851 001e 0792     		str	r2, [sp, #28]
 154:Core/Src/main.c ****   RCC_OscInitStruct.PLL.PLLState = RCC_PLL_ON;
ARM GAS  C:\Users\jonat\AppData\Local\Temp\ccKzNy7n.s 			page 25


 852              		.loc 1 154 3 is_stmt 1 view .LVU181
 154:Core/Src/main.c ****   RCC_OscInitStruct.PLL.PLLState = RCC_PLL_ON;
 853              		.loc 1 154 41 is_stmt 0 view .LVU182
 854 0020 0F32     		adds	r2, r2, #15
 855 0022 0892     		str	r2, [sp, #32]
 155:Core/Src/main.c ****   RCC_OscInitStruct.PLL.PLLSource = RCC_PLLSOURCE_HSI;
 856              		.loc 1 155 3 is_stmt 1 view .LVU183
 155:Core/Src/main.c ****   RCC_OscInitStruct.PLL.PLLSource = RCC_PLLSOURCE_HSI;
 857              		.loc 1 155 34 is_stmt 0 view .LVU184
 858 0024 0C93     		str	r3, [sp, #48]
 156:Core/Src/main.c ****   RCC_OscInitStruct.PLL.PLLMUL = RCC_PLL_MUL12;
 859              		.loc 1 156 3 is_stmt 1 view .LVU185
 157:Core/Src/main.c ****   RCC_OscInitStruct.PLL.PREDIV = RCC_PREDIV_DIV1;
 860              		.loc 1 157 3 view .LVU186
 157:Core/Src/main.c ****   RCC_OscInitStruct.PLL.PREDIV = RCC_PREDIV_DIV1;
 861              		.loc 1 157 32 is_stmt 0 view .LVU187
 862 0026 A023     		movs	r3, #160
 863 0028 9B03     		lsls	r3, r3, #14
 864 002a 0E93     		str	r3, [sp, #56]
 158:Core/Src/main.c ****   if (HAL_RCC_OscConfig(&RCC_OscInitStruct) != HAL_OK)
 865              		.loc 1 158 3 is_stmt 1 view .LVU188
 159:Core/Src/main.c ****   {
 866              		.loc 1 159 3 view .LVU189
 159:Core/Src/main.c ****   {
 867              		.loc 1 159 7 is_stmt 0 view .LVU190
 868 002c 04A8     		add	r0, sp, #16
 869 002e FFF7FEFF 		bl	HAL_RCC_OscConfig
 870              	.LVL78:
 159:Core/Src/main.c ****   {
 871              		.loc 1 159 6 discriminator 1 view .LVU191
 872 0032 0028     		cmp	r0, #0
 873 0034 0ED1     		bne	.L36
 166:Core/Src/main.c ****                               |RCC_CLOCKTYPE_PCLK1;
 874              		.loc 1 166 3 is_stmt 1 view .LVU192
 166:Core/Src/main.c ****                               |RCC_CLOCKTYPE_PCLK1;
 875              		.loc 1 166 31 is_stmt 0 view .LVU193
 876 0036 0723     		movs	r3, #7
 877 0038 0093     		str	r3, [sp]
 168:Core/Src/main.c ****   RCC_ClkInitStruct.AHBCLKDivider = RCC_SYSCLK_DIV1;
 878              		.loc 1 168 3 is_stmt 1 view .LVU194
 168:Core/Src/main.c ****   RCC_ClkInitStruct.AHBCLKDivider = RCC_SYSCLK_DIV1;
 879              		.loc 1 168 34 is_stmt 0 view .LVU195
 880 003a 053B     		subs	r3, r3, #5
 881 003c 0193     		str	r3, [sp, #4]
 169:Core/Src/main.c ****   RCC_ClkInitStruct.APB1CLKDivider = RCC_HCLK_DIV1;
 882              		.loc 1 169 3 is_stmt 1 view .LVU196
 169:Core/Src/main.c ****   RCC_ClkInitStruct.APB1CLKDivider = RCC_HCLK_DIV1;
 883              		.loc 1 169 35 is_stmt 0 view .LVU197
 884 003e 0023     		movs	r3, #0
 885 0040 0293     		str	r3, [sp, #8]
 170:Core/Src/main.c **** 
 886              		.loc 1 170 3 is_stmt 1 view .LVU198
 170:Core/Src/main.c **** 
 887              		.loc 1 170 36 is_stmt 0 view .LVU199
 888 0042 0393     		str	r3, [sp, #12]
 172:Core/Src/main.c ****   {
 889              		.loc 1 172 3 is_stmt 1 view .LVU200
ARM GAS  C:\Users\jonat\AppData\Local\Temp\ccKzNy7n.s 			page 26


 172:Core/Src/main.c ****   {
 890              		.loc 1 172 7 is_stmt 0 view .LVU201
 891 0044 0121     		movs	r1, #1
 892 0046 6846     		mov	r0, sp
 893 0048 FFF7FEFF 		bl	HAL_RCC_ClockConfig
 894              	.LVL79:
 172:Core/Src/main.c ****   {
 895              		.loc 1 172 6 discriminator 1 view .LVU202
 896 004c 0028     		cmp	r0, #0
 897 004e 03D1     		bne	.L37
 176:Core/Src/main.c **** 
 898              		.loc 1 176 1 view .LVU203
 899 0050 11B0     		add	sp, sp, #68
 900              		@ sp needed
 901 0052 00BD     		pop	{pc}
 902              	.L36:
 161:Core/Src/main.c ****   }
 903              		.loc 1 161 5 is_stmt 1 view .LVU204
 904 0054 FFF7FEFF 		bl	Error_Handler
 905              	.LVL80:
 906              	.L37:
 174:Core/Src/main.c ****   }
 907              		.loc 1 174 5 view .LVU205
 908 0058 FFF7FEFF 		bl	Error_Handler
 909              	.LVL81:
 910              		.cfi_endproc
 911              	.LFE41:
 913              		.section	.text.main,"ax",%progbits
 914              		.align	1
 915              		.global	main
 916              		.syntax unified
 917              		.code	16
 918              		.thumb_func
 920              	main:
 921              	.LFB40:
  82:Core/Src/main.c **** 
 922              		.loc 1 82 1 view -0
 923              		.cfi_startproc
 924              		@ args = 0, pretend = 0, frame = 0
 925              		@ frame_needed = 0, uses_anonymous_args = 0
 926 0000 70B5     		push	{r4, r5, r6, lr}
 927              	.LCFI10:
 928              		.cfi_def_cfa_offset 16
 929              		.cfi_offset 4, -16
 930              		.cfi_offset 5, -12
 931              		.cfi_offset 6, -8
 932              		.cfi_offset 14, -4
  91:Core/Src/main.c **** 
 933              		.loc 1 91 3 view .LVU207
 934 0002 FFF7FEFF 		bl	HAL_Init
 935              	.LVL82:
  98:Core/Src/main.c **** 
 936              		.loc 1 98 3 view .LVU208
 937 0006 FFF7FEFF 		bl	SystemClock_Config
 938              	.LVL83:
 105:Core/Src/main.c **** 
 939              		.loc 1 105 3 view .LVU209
ARM GAS  C:\Users\jonat\AppData\Local\Temp\ccKzNy7n.s 			page 27


 940 000a FFF7FEFF 		bl	MX_GPIO_Init
 941              	.LVL84:
 942              	.L39:
 114:Core/Src/main.c ****   {
 943              		.loc 1 114 3 view .LVU210
 944              	.LBB20:
 120:Core/Src/main.c **** 	    int height, width;
 945              		.loc 1 120 4 view .LVU211
 946 000e 144C     		ldr	r4, .L40
 947 0010 0121     		movs	r1, #1
 948 0012 2000     		movs	r0, r4
 949 0014 FFF7FEFF 		bl	HAL_GPIO_TogglePin
 950              	.LVL85:
 121:Core/Src/main.c **** 	      //width = height = imageSize[0]; //128
 951              		.loc 1 121 6 view .LVU212
 126:Core/Src/main.c **** 
 952              		.loc 1 126 8 view .LVU213
 126:Core/Src/main.c **** 
 953              		.loc 1 126 23 is_stmt 0 view .LVU214
 954 0018 124B     		ldr	r3, .L40+4
 955 001a 1E69     		ldr	r6, [r3, #16]
 956              	.LVL86:
 128:Core/Src/main.c **** 	           checksum = calculate_mandelbrot_fixed_point_arithmetic(width, height, MAX_ITER);
 957              		.loc 1 128 8 is_stmt 1 view .LVU215
 128:Core/Src/main.c **** 	           checksum = calculate_mandelbrot_fixed_point_arithmetic(width, height, MAX_ITER);
 958              		.loc 1 128 21 is_stmt 0 view .LVU216
 959 001c FFF7FEFF 		bl	HAL_GetTick
 960              	.LVL87:
 128:Core/Src/main.c **** 	           checksum = calculate_mandelbrot_fixed_point_arithmetic(width, height, MAX_ITER);
 961              		.loc 1 128 19 discriminator 1 view .LVU217
 962 0020 114D     		ldr	r5, .L40+8
 963 0022 2860     		str	r0, [r5]
 129:Core/Src/main.c **** 	           //checksum = calculate_mandelbrot_double(width, height, MAX_ITER);
 964              		.loc 1 129 13 is_stmt 1 view .LVU218
 129:Core/Src/main.c **** 	           //checksum = calculate_mandelbrot_double(width, height, MAX_ITER);
 965              		.loc 1 129 24 is_stmt 0 view .LVU219
 966 0024 6422     		movs	r2, #100
 967 0026 3100     		movs	r1, r6
 968 0028 3000     		movs	r0, r6
 969 002a FFF7FEFF 		bl	calculate_mandelbrot_fixed_point_arithmetic
 970              	.LVL88:
 129:Core/Src/main.c **** 	           //checksum = calculate_mandelbrot_double(width, height, MAX_ITER);
 971              		.loc 1 129 22 discriminator 1 view .LVU220
 972 002e 0F4B     		ldr	r3, .L40+12
 973 0030 1860     		str	r0, [r3]
 974 0032 5960     		str	r1, [r3, #4]
 131:Core/Src/main.c **** 	           execution_time = end_time - start_time;
 975              		.loc 1 131 13 is_stmt 1 view .LVU221
 131:Core/Src/main.c **** 	           execution_time = end_time - start_time;
 976              		.loc 1 131 24 is_stmt 0 view .LVU222
 977 0034 FFF7FEFF 		bl	HAL_GetTick
 978              	.LVL89:
 131:Core/Src/main.c **** 	           execution_time = end_time - start_time;
 979              		.loc 1 131 22 discriminator 1 view .LVU223
 980 0038 0D4B     		ldr	r3, .L40+16
 981 003a 1860     		str	r0, [r3]
 132:Core/Src/main.c **** 	           HAL_GPIO_TogglePin(GPIOB, GPIO_PIN_1);
ARM GAS  C:\Users\jonat\AppData\Local\Temp\ccKzNy7n.s 			page 28


 982              		.loc 1 132 13 is_stmt 1 view .LVU224
 132:Core/Src/main.c **** 	           HAL_GPIO_TogglePin(GPIOB, GPIO_PIN_1);
 983              		.loc 1 132 39 is_stmt 0 view .LVU225
 984 003c 2B68     		ldr	r3, [r5]
 985 003e C01A     		subs	r0, r0, r3
 132:Core/Src/main.c **** 	           HAL_GPIO_TogglePin(GPIOB, GPIO_PIN_1);
 986              		.loc 1 132 28 view .LVU226
 987 0040 0C4B     		ldr	r3, .L40+20
 988 0042 1860     		str	r0, [r3]
 133:Core/Src/main.c **** 	           HAL_Delay(2000);
 989              		.loc 1 133 13 is_stmt 1 view .LVU227
 990 0044 0221     		movs	r1, #2
 991 0046 2000     		movs	r0, r4
 992 0048 FFF7FEFF 		bl	HAL_GPIO_TogglePin
 993              	.LVL90:
 134:Core/Src/main.c **** 	           HAL_GPIO_TogglePin(GPIOB, GPIO_PIN_0|GPIO_PIN_1);
 994              		.loc 1 134 13 view .LVU228
 995 004c FA20     		movs	r0, #250
 996 004e C000     		lsls	r0, r0, #3
 997 0050 FFF7FEFF 		bl	HAL_Delay
 998              	.LVL91:
 135:Core/Src/main.c ****   }
 999              		.loc 1 135 13 discriminator 1 view .LVU229
 1000 0054 0321     		movs	r1, #3
 1001 0056 2000     		movs	r0, r4
 1002 0058 FFF7FEFF 		bl	HAL_GPIO_TogglePin
 1003              	.LVL92:
 1004              	.LBE20:
 114:Core/Src/main.c ****   {
 1005              		.loc 1 114 9 view .LVU230
 1006 005c D7E7     		b	.L39
 1007              	.L41:
 1008 005e C046     		.align	2
 1009              	.L40:
 1010 0060 00040048 		.word	1207960576
 1011 0064 00000000 		.word	imageSize
 1012 0068 00000000 		.word	start_time
 1013 006c 00000000 		.word	checksum
 1014 0070 00000000 		.word	end_time
 1015 0074 00000000 		.word	execution_time
 1016              		.cfi_endproc
 1017              	.LFE40:
 1019              		.global	imageSize
 1020              		.section	.data.imageSize,"aw"
 1021              		.align	2
 1024              	imageSize:
 1025 0000 80000000 		.word	128
 1026 0004 A0000000 		.word	160
 1027 0008 C0000000 		.word	192
 1028 000c E0000000 		.word	224
 1029 0010 00010000 		.word	256
 1030              		.global	checksum
 1031              		.section	.bss.checksum,"aw",%nobits
 1032              		.align	3
 1035              	checksum:
 1036 0000 00000000 		.space	8
 1036      00000000 
ARM GAS  C:\Users\jonat\AppData\Local\Temp\ccKzNy7n.s 			page 29


 1037              		.global	execution_time
 1038              		.section	.bss.execution_time,"aw",%nobits
 1039              		.align	2
 1042              	execution_time:
 1043 0000 00000000 		.space	4
 1044              		.global	end_time
 1045              		.section	.bss.end_time,"aw",%nobits
 1046              		.align	2
 1049              	end_time:
 1050 0000 00000000 		.space	4
 1051              		.global	start_time
 1052              		.section	.bss.start_time,"aw",%nobits
 1053              		.align	2
 1056              	start_time:
 1057 0000 00000000 		.space	4
 1058              		.text
 1059              	.Letext0:
 1060              		.file 3 "C:\\ST\\STM32CubeIDE_1.19.0\\STM32CubeIDE\\plugins\\com.st.stm32cube.ide.mcu.externaltool
 1061              		.file 4 "C:\\ST\\STM32CubeIDE_1.19.0\\STM32CubeIDE\\plugins\\com.st.stm32cube.ide.mcu.externaltool
 1062              		.file 5 "Drivers/CMSIS/Device/ST/STM32F0xx/Include/stm32f051x8.h"
 1063              		.file 6 "Drivers/STM32F0xx_HAL_Driver/Inc/stm32f0xx_hal_def.h"
 1064              		.file 7 "Drivers/STM32F0xx_HAL_Driver/Inc/stm32f0xx_hal_rcc.h"
 1065              		.file 8 "Drivers/STM32F0xx_HAL_Driver/Inc/stm32f0xx_hal_gpio.h"
 1066              		.file 9 "Drivers/STM32F0xx_HAL_Driver/Inc/stm32f0xx_hal.h"
 1067              		.file 10 "<built-in>"
ARM GAS  C:\Users\jonat\AppData\Local\Temp\ccKzNy7n.s 			page 30


DEFINED SYMBOLS
                            *ABS*:00000000 main.c
C:\Users\jonat\AppData\Local\Temp\ccKzNy7n.s:19     .text.MX_GPIO_Init:00000000 $t
C:\Users\jonat\AppData\Local\Temp\ccKzNy7n.s:24     .text.MX_GPIO_Init:00000000 MX_GPIO_Init
C:\Users\jonat\AppData\Local\Temp\ccKzNy7n.s:131    .text.MX_GPIO_Init:0000006c $d
C:\Users\jonat\AppData\Local\Temp\ccKzNy7n.s:139    .text.calculate_mandelbrot_fixed_point_arithmetic:00000000 $t
C:\Users\jonat\AppData\Local\Temp\ccKzNy7n.s:145    .text.calculate_mandelbrot_fixed_point_arithmetic:00000000 calculate_mandelbrot_fixed_point_arithmetic
C:\Users\jonat\AppData\Local\Temp\ccKzNy7n.s:438    .text.calculate_mandelbrot_fixed_point_arithmetic:00000150 $d
C:\Users\jonat\AppData\Local\Temp\ccKzNy7n.s:458    .text.calculate_mandelbrot_double:00000000 $t
C:\Users\jonat\AppData\Local\Temp\ccKzNy7n.s:464    .text.calculate_mandelbrot_double:00000000 calculate_mandelbrot_double
C:\Users\jonat\AppData\Local\Temp\ccKzNy7n.s:765    .text.calculate_mandelbrot_double:00000154 $d
C:\Users\jonat\AppData\Local\Temp\ccKzNy7n.s:773    .text.Error_Handler:00000000 $t
C:\Users\jonat\AppData\Local\Temp\ccKzNy7n.s:779    .text.Error_Handler:00000000 Error_Handler
C:\Users\jonat\AppData\Local\Temp\ccKzNy7n.s:811    .text.SystemClock_Config:00000000 $t
C:\Users\jonat\AppData\Local\Temp\ccKzNy7n.s:817    .text.SystemClock_Config:00000000 SystemClock_Config
C:\Users\jonat\AppData\Local\Temp\ccKzNy7n.s:914    .text.main:00000000 $t
C:\Users\jonat\AppData\Local\Temp\ccKzNy7n.s:920    .text.main:00000000 main
C:\Users\jonat\AppData\Local\Temp\ccKzNy7n.s:1010   .text.main:00000060 $d
C:\Users\jonat\AppData\Local\Temp\ccKzNy7n.s:1024   .data.imageSize:00000000 imageSize
C:\Users\jonat\AppData\Local\Temp\ccKzNy7n.s:1056   .bss.start_time:00000000 start_time
C:\Users\jonat\AppData\Local\Temp\ccKzNy7n.s:1035   .bss.checksum:00000000 checksum
C:\Users\jonat\AppData\Local\Temp\ccKzNy7n.s:1049   .bss.end_time:00000000 end_time
C:\Users\jonat\AppData\Local\Temp\ccKzNy7n.s:1042   .bss.execution_time:00000000 execution_time
C:\Users\jonat\AppData\Local\Temp\ccKzNy7n.s:1021   .data.imageSize:00000000 $d
C:\Users\jonat\AppData\Local\Temp\ccKzNy7n.s:1032   .bss.checksum:00000000 $d
C:\Users\jonat\AppData\Local\Temp\ccKzNy7n.s:1039   .bss.execution_time:00000000 $d
C:\Users\jonat\AppData\Local\Temp\ccKzNy7n.s:1046   .bss.end_time:00000000 $d
C:\Users\jonat\AppData\Local\Temp\ccKzNy7n.s:1053   .bss.start_time:00000000 $d

UNDEFINED SYMBOLS
memset
HAL_GPIO_WritePin
HAL_GPIO_Init
__aeabi_lmul
__aeabi_ldivmod
__aeabi_i2d
__aeabi_ddiv
__aeabi_dmul
__aeabi_dsub
__aeabi_dadd
__aeabi_ul2d
__aeabi_dcmplt
__aeabi_dcmple
__aeabi_d2iz
HAL_RCC_OscConfig
HAL_RCC_ClockConfig
HAL_Init
HAL_GPIO_TogglePin
HAL_GetTick
HAL_Delay
